###############################################################################
#
# IAR ELF Linker V8.22.1.15669/W32 for ARM                29/Mar/2018  14:11:48
# Copyright 2007-2018 IAR Systems AB.
#
#    Output file  =  
#        E:\Users\bertz\Documents\GitHub\BSPv2.1\EWARM\BSPv2.1\Exe\BSPv2.1.out
#    Map file     =  
#        E:\Users\bertz\Documents\GitHub\BSPv2.1\EWARM\BSPv2.1\List\BSPv2.1.map
#    Command line =  
#        -f C:\Users\bertz\AppData\Local\Temp\EW72AD.tmp
#        (E:\Users\bertz\Documents\GitHub\BSPv2.1\EWARM\BSPv2.1\Obj\adc.o
#        E:\Users\bertz\Documents\GitHub\BSPv2.1\EWARM\BSPv2.1\Obj\bsp_AirSensor.o
#        E:\Users\bertz\Documents\GitHub\BSPv2.1\EWARM\BSPv2.1\Obj\BSP_DAC5571.o
#        E:\Users\bertz\Documents\GitHub\BSPv2.1\EWARM\BSPv2.1\Obj\bsp_data.o
#        E:\Users\bertz\Documents\GitHub\BSPv2.1\EWARM\BSPv2.1\Obj\bsp_DataTransmissionLayer.o
#        E:\Users\bertz\Documents\GitHub\BSPv2.1\EWARM\BSPv2.1\Obj\bsp_GentleSensor.o
#        E:\Users\bertz\Documents\GitHub\BSPv2.1\EWARM\BSPv2.1\Obj\bsp_led.o
#        E:\Users\bertz\Documents\GitHub\BSPv2.1\EWARM\BSPv2.1\Obj\bsp_Log.o
#        E:\Users\bertz\Documents\GitHub\BSPv2.1\EWARM\BSPv2.1\Obj\bsp_motor.o
#        E:\Users\bertz\Documents\GitHub\BSPv2.1\EWARM\BSPv2.1\Obj\bsp_ProtocolLayer.o
#        E:\Users\bertz\Documents\GitHub\BSPv2.1\EWARM\BSPv2.1\Obj\bsp_wrieless.o
#        E:\Users\bertz\Documents\GitHub\BSPv2.1\EWARM\BSPv2.1\Obj\dma.o
#        E:\Users\bertz\Documents\GitHub\BSPv2.1\EWARM\BSPv2.1\Obj\gpio.o
#        E:\Users\bertz\Documents\GitHub\BSPv2.1\EWARM\BSPv2.1\Obj\i2c.o
#        E:\Users\bertz\Documents\GitHub\BSPv2.1\EWARM\BSPv2.1\Obj\main.o
#        E:\Users\bertz\Documents\GitHub\BSPv2.1\EWARM\BSPv2.1\Obj\spi.o
#        E:\Users\bertz\Documents\GitHub\BSPv2.1\EWARM\BSPv2.1\Obj\startup_stm32f103xe.o
#        E:\Users\bertz\Documents\GitHub\BSPv2.1\EWARM\BSPv2.1\Obj\stm32f1xx_hal.o
#        E:\Users\bertz\Documents\GitHub\BSPv2.1\EWARM\BSPv2.1\Obj\stm32f1xx_hal_adc.o
#        E:\Users\bertz\Documents\GitHub\BSPv2.1\EWARM\BSPv2.1\Obj\stm32f1xx_hal_adc_ex.o
#        E:\Users\bertz\Documents\GitHub\BSPv2.1\EWARM\BSPv2.1\Obj\stm32f1xx_hal_cortex.o
#        E:\Users\bertz\Documents\GitHub\BSPv2.1\EWARM\BSPv2.1\Obj\stm32f1xx_hal_dma.o
#        E:\Users\bertz\Documents\GitHub\BSPv2.1\EWARM\BSPv2.1\Obj\stm32f1xx_hal_flash.o
#        E:\Users\bertz\Documents\GitHub\BSPv2.1\EWARM\BSPv2.1\Obj\stm32f1xx_hal_flash_ex.o
#        E:\Users\bertz\Documents\GitHub\BSPv2.1\EWARM\BSPv2.1\Obj\stm32f1xx_hal_gpio.o
#        E:\Users\bertz\Documents\GitHub\BSPv2.1\EWARM\BSPv2.1\Obj\stm32f1xx_hal_gpio_ex.o
#        E:\Users\bertz\Documents\GitHub\BSPv2.1\EWARM\BSPv2.1\Obj\stm32f1xx_hal_i2c.o
#        E:\Users\bertz\Documents\GitHub\BSPv2.1\EWARM\BSPv2.1\Obj\stm32f1xx_hal_msp.o
#        E:\Users\bertz\Documents\GitHub\BSPv2.1\EWARM\BSPv2.1\Obj\stm32f1xx_hal_pwr.o
#        E:\Users\bertz\Documents\GitHub\BSPv2.1\EWARM\BSPv2.1\Obj\stm32f1xx_hal_rcc.o
#        E:\Users\bertz\Documents\GitHub\BSPv2.1\EWARM\BSPv2.1\Obj\stm32f1xx_hal_rcc_ex.o
#        E:\Users\bertz\Documents\GitHub\BSPv2.1\EWARM\BSPv2.1\Obj\stm32f1xx_hal_spi.o
#        E:\Users\bertz\Documents\GitHub\BSPv2.1\EWARM\BSPv2.1\Obj\stm32f1xx_hal_spi_ex.o
#        E:\Users\bertz\Documents\GitHub\BSPv2.1\EWARM\BSPv2.1\Obj\stm32f1xx_hal_tim.o
#        E:\Users\bertz\Documents\GitHub\BSPv2.1\EWARM\BSPv2.1\Obj\stm32f1xx_hal_tim_ex.o
#        E:\Users\bertz\Documents\GitHub\BSPv2.1\EWARM\BSPv2.1\Obj\stm32f1xx_hal_uart.o
#        E:\Users\bertz\Documents\GitHub\BSPv2.1\EWARM\BSPv2.1\Obj\stm32f1xx_it.o
#        E:\Users\bertz\Documents\GitHub\BSPv2.1\EWARM\BSPv2.1\Obj\system_stm32f1xx.o
#        E:\Users\bertz\Documents\GitHub\BSPv2.1\EWARM\BSPv2.1\Obj\tim.o
#        E:\Users\bertz\Documents\GitHub\BSPv2.1\EWARM\BSPv2.1\Obj\usart.o
#        --redirect _Printf=_PrintfFull --redirect _Scanf=_ScanfFull -o
#        E:\Users\bertz\Documents\GitHub\BSPv2.1\EWARM\BSPv2.1\Exe\BSPv2.1.out
#        --map
#        E:\Users\bertz\Documents\GitHub\BSPv2.1\EWARM\BSPv2.1\List\BSPv2.1.map
#        --config
#        E:\Users\bertz\Documents\GitHub\BSPv2.1\EWARM/stm32f103xe_flash.icf
#        --semihosting --entry __iar_program_start --vfe --text_out locale)
#
###############################################################################

*******************************************************************************
*** RUNTIME MODEL ATTRIBUTES
***

CppFlavor       = *
__SystemLibrary = DLib
__dlib_version  = 6


*******************************************************************************
*** HEAP SELECTION
***

The basic heap was selected because no calls to memory allocation
functions were found in the application outside of system library
functions, and there are calls to deallocation functions in the
application.


*******************************************************************************
*** PLACEMENT SUMMARY
***

"A0":  place at 0x08000000 { ro section .intvec };
"P1":  place in [from 0x08000000 to 0x0807ffff] { ro };
define block CSTACK with size = 1K, alignment = 8 { };
define block HEAP with size = 512, alignment = 8 { };
"P2":  place in [from 0x20000000 to 0x2000ffff] {
          rw, block CSTACK, block HEAP };
initialize by copy { rw };

  Section            Kind        Address    Size  Object
  -------            ----        -------    ----  ------
"A0":                                      0x130
  .intvec            ro code  0x08000000   0x130  startup_stm32f103xe.o [1]
                            - 0x08000130   0x130

"P1":                                     0x4630
  .text              ro code  0x08000130   0xed2  stm32f1xx_hal_i2c.o [1]
  .text              ro code  0x08001004    0xbc  i2c.o [1]
  .text              ro code  0x080010c0   0x4de  stm32f1xx_hal_rcc.o [1]
  .text              ro code  0x080015a0     0xc  stm32f1xx_hal.o [1]
  .text              ro code  0x080015ac     0x2  stm32f1xx_hal_i2c.o [1]
  .text              ro code  0x080015ae     0x2  stm32f1xx_hal_i2c.o [1]
  .text              ro code  0x080015b0     0x2  stm32f1xx_hal_i2c.o [1]
  .text              ro code  0x080015b2     0x2  stm32f1xx_hal_i2c.o [1]
  .text              ro code  0x080015b4     0x2  stm32f1xx_hal_i2c.o [1]
  .text              ro code  0x080015b6     0x2  stm32f1xx_hal_i2c.o [1]
  .text              ro code  0x080015b8     0x2  stm32f1xx_hal_i2c.o [1]
  .text              ro code  0x080015ba     0x2  stm32f1xx_hal_i2c.o [1]
  .text              ro code  0x080015bc   0x422  stm32f1xx_hal_dma.o [1]
  .text              ro code  0x080019de     0x2  stm32f1xx_hal_i2c.o [1]
  .text              ro code  0x080019e0     0x2  stm32f1xx_hal_i2c.o [1]
  .text              ro code  0x080019e4   0x422  main.o [1]
  .text              ro code  0x08001e08   0x1f4  stm32f1xx_hal_gpio.o [1]
  .text              ro code  0x08001ffc    0x28  stm32f1xx_hal.o [1]
  .text              ro code  0x08002024    0x24  stm32f1xx_hal.o [1]
  .text              ro code  0x08002048   0x138  gpio.o [1]
  .text              ro code  0x08002180    0x20  dma.o [1]
  .text              ro code  0x080021a0   0x12c  adc.o [1]
  .text              ro code  0x080022cc    0xec  spi.o [1]
  .text              ro code  0x080023b8   0x1a4  tim.o [1]
  .text              ro code  0x0800255c   0x194  usart.o [1]
  .text              ro code  0x080026f0    0xe6  stm32f1xx_hal_cortex.o [1]
  .text              ro code  0x080027d8   0x36c  stm32f1xx_hal_tim.o [1]
  .text              ro code  0x08002b44   0x218  bsp_motor.o [1]
  .text              ro code  0x08002d5c   0x114  bsp_wrieless.o [1]
  .text              ro code  0x08002e70    0x5c  bsp_AirSensor.o [1]
  .text              ro code  0x08002ecc    0x80  bsp_GentleSensor.o [1]
  .text              ro code  0x08002f4c   0x124  bsp_DataTransmissionLayer.o [1]
  .text              ro code  0x08003070    0xc8  bsp_Log.o [1]
  .text              ro code  0x08003138    0x44  BSP_DAC5571.o [1]
  .text              ro code  0x0800317c    0x82  bsp_led.o [1]
  .text              ro code  0x08003200   0x3b4  bsp_ProtocolLayer.o [1]
  .text              ro code  0x080035b4    0xe8  stm32f1xx_hal_rcc_ex.o [1]
  .text              ro code  0x0800369c    0x8c  stm32f1xx_hal_msp.o [1]
  .text              ro code  0x08003728   0x35c  stm32f1xx_hal_adc.o [1]
  .text              ro code  0x08003a84    0x82  stm32f1xx_hal_spi_ex.o [1]
  .text              ro code  0x08003b08    0x4a  stm32f1xx_hal_tim_ex.o [1]
  .text              ro code  0x08003b54   0x618  stm32f1xx_hal_uart.o [1]
  .text              ro code  0x0800416c     0x2  stm32f1xx_hal_tim.o [1]
  .text              ro code  0x0800416e     0x2  stm32f1xx_hal_tim.o [1]
  .text              ro code  0x08004170     0x2  stm32f1xx_hal_tim_ex.o [1]
  .text              ro code  0x08004172     0x2  stm32f1xx_hal_tim.o [1]
  .text              ro code  0x08004174     0x2  stm32f1xx_hal_tim_ex.o [1]
  .text              ro code  0x08004176     0x2  stm32f1xx_hal_tim.o [1]
  .text              ro code  0x08004178    0x1e  stm32f1xx_hal.o [1]
  .text              ro code  0x08004198    0xa6  ABImemcpy.o [4]
  .text              ro code  0x0800423e     0x2  stm32f1xx_hal_adc.o [1]
  .text              ro code  0x08004240     0x2  stm32f1xx_hal_adc_ex.o [1]
  .text              ro code  0x08004242     0x2  stm32f1xx_hal_adc.o [1]
  .text              ro code  0x08004244     0x2  stm32f1xx_hal_uart.o [1]
  .text              ro code  0x08004246     0x2  stm32f1xx_hal_uart.o [1]
  .text              ro code  0x08004248     0x2  stm32f1xx_hal_uart.o [1]
  .text              ro code  0x0800424a     0x2  stm32f1xx_hal_uart.o [1]
  Initializer bytes  const    0x0800424c   0x130  <for P2-1>
  .text              ro code  0x0800437c    0xe8  stm32f1xx_hal_spi.o [1]
  .text              ro code  0x08004464     0x2  stm32f1xx_hal_spi.o [1]
  .text              ro code  0x08004468    0xa8  stm32f1xx_it.o [1]
  .text              ro code  0x08004510    0x10  stm32f1xx_hal.o [1]
  .text              ro code  0x08004520    0x5c  system_stm32f1xx.o [1]
  .text              ro code  0x0800457c    0x40  zero_init3.o [4]
  .text              ro code  0x080045bc    0x2c  copy_init3.o [4]
  .text              ro code  0x080045e8    0x28  data_init.o [4]
  .iar.init_table    const    0x08004610    0x24  - Linker created -
  .text              ro code  0x08004634    0x1e  cmain.o [4]
  .text              ro code  0x08004652     0x4  low_level_init.o [3]
  .text              ro code  0x08004656     0x4  exit.o [3]
  .text              ro code  0x0800465c     0xa  cexit.o [4]
  .text              ro code  0x08004668    0x14  exit.o [5]
  .text              ro code  0x0800467c    0x10  startup_stm32f103xe.o [1]
  .text              ro code  0x0800468c     0xc  cstartup_M.o [4]
  .rodata            const    0x08004698     0x8  system_stm32f1xx.o [1]
  .text              ro code  0x080046a0     0x4  startup_stm32f103xe.o [1]
  .text              ro code  0x080046a4     0x4  startup_stm32f103xe.o [1]
  .text              ro code  0x080046a8     0x4  startup_stm32f103xe.o [1]
  .text              ro code  0x080046ac     0x4  startup_stm32f103xe.o [1]
  .text              ro code  0x080046b0     0x4  startup_stm32f103xe.o [1]
  .text              ro code  0x080046b4     0x4  startup_stm32f103xe.o [1]
  .text              ro code  0x080046b8     0x4  startup_stm32f103xe.o [1]
  .text              ro code  0x080046bc     0x4  startup_stm32f103xe.o [1]
  .text              ro code  0x080046c0     0x4  startup_stm32f103xe.o [1]
  .text              ro code  0x080046c4     0x4  startup_stm32f103xe.o [1]
  .text              ro code  0x080046c8     0x4  startup_stm32f103xe.o [1]
  .text              ro code  0x080046cc     0x4  startup_stm32f103xe.o [1]
  .text              ro code  0x080046d0     0x4  startup_stm32f103xe.o [1]
  .text              ro code  0x080046d4     0x4  startup_stm32f103xe.o [1]
  .text              ro code  0x080046d8     0x4  startup_stm32f103xe.o [1]
  .text              ro code  0x080046dc     0x4  startup_stm32f103xe.o [1]
  .text              ro code  0x080046e0     0x4  startup_stm32f103xe.o [1]
  .text              ro code  0x080046e4     0x4  startup_stm32f103xe.o [1]
  .text              ro code  0x080046e8     0x4  startup_stm32f103xe.o [1]
  .text              ro code  0x080046ec     0x4  startup_stm32f103xe.o [1]
  .text              ro code  0x080046f0     0x4  startup_stm32f103xe.o [1]
  .text              ro code  0x080046f4     0x4  startup_stm32f103xe.o [1]
  .text              ro code  0x080046f8     0x4  startup_stm32f103xe.o [1]
  .text              ro code  0x080046fc     0x4  startup_stm32f103xe.o [1]
  .text              ro code  0x08004700     0x4  startup_stm32f103xe.o [1]
  .text              ro code  0x08004704     0x4  startup_stm32f103xe.o [1]
  .text              ro code  0x08004708     0x4  startup_stm32f103xe.o [1]
  .text              ro code  0x0800470c     0x4  startup_stm32f103xe.o [1]
  .text              ro code  0x08004710     0x4  startup_stm32f103xe.o [1]
  .text              ro code  0x08004714     0x4  startup_stm32f103xe.o [1]
  .text              ro code  0x08004718     0x4  startup_stm32f103xe.o [1]
  .text              ro code  0x0800471c     0x4  startup_stm32f103xe.o [1]
  .text              ro code  0x08004720     0x4  startup_stm32f103xe.o [1]
  .text              ro code  0x08004724     0x4  startup_stm32f103xe.o [1]
  .text              ro code  0x08004728     0x4  startup_stm32f103xe.o [1]
  .text              ro code  0x0800472c     0x4  startup_stm32f103xe.o [1]
  .text              ro code  0x08004730     0x4  startup_stm32f103xe.o [1]
  .text              ro code  0x08004734     0x4  startup_stm32f103xe.o [1]
  .text              ro code  0x08004738     0x4  startup_stm32f103xe.o [1]
  .text              ro code  0x0800473c     0x4  startup_stm32f103xe.o [1]
  .text              ro code  0x08004740     0x4  startup_stm32f103xe.o [1]
  .text              ro code  0x08004744     0x4  startup_stm32f103xe.o [1]
  .text              ro code  0x08004748     0x4  startup_stm32f103xe.o [1]
  .text              ro code  0x0800474c     0x4  startup_stm32f103xe.o [1]
  .text              ro code  0x08004750     0x4  startup_stm32f103xe.o [1]
  .text              ro code  0x08004754     0x4  startup_stm32f103xe.o [1]
  .text              ro code  0x08004758     0x4  startup_stm32f103xe.o [1]
  .text              ro code  0x0800475c     0x4  startup_stm32f103xe.o [1]
  .rodata            const    0x08004760     0x0  zero_init3.o [4]
  .rodata            const    0x08004760     0x0  copy_init3.o [4]
                            - 0x08004760  0x4630

"P2", part 1 of 3:                         0x130
  P2-1                        0x20000000   0x130  <Init block>
    .data            inited   0x20000000   0x12c  bsp_data.o [1]
    .data            inited   0x2000012c     0x4  system_stm32f1xx.o [1]
                            - 0x20000130   0x130

"P2", part 2 of 3:                         0xa1c
  .bss               zero     0x20000130   0x22c  bsp_ProtocolLayer.o [1]
  .bss               zero     0x2000035c   0x204  bsp_DataTransmissionLayer.o [1]
  .bss               zero     0x20000560   0x204  bsp_DataTransmissionLayer.o [1]
  .bss               zero     0x20000764    0x88  usart.o [1]
  .bss               zero     0x200007ec    0x70  bsp_ProtocolLayer.o [1]
  .bss               zero     0x2000085c    0x58  spi.o [1]
  .bss               zero     0x200008b4    0x54  i2c.o [1]
  .bss               zero     0x20000908    0x44  adc.o [1]
  .bss               zero     0x2000094c    0x40  tim.o [1]
  .bss               zero     0x2000098c    0x40  tim.o [1]
  .bss               zero     0x200009cc    0x40  tim.o [1]
  .bss               zero     0x20000a0c    0x40  usart.o [1]
  .bss               zero     0x20000a4c    0x40  usart.o [1]
  .bss               zero     0x20000a8c    0x30  adc.o [1]
  .bss               zero     0x20000abc    0x2c  main.o [1]
  .bss               zero     0x20000ae8    0x19  bsp_Log.o [1]
  .bss               zero     0x20000b02     0x2  BSP_DAC5571.o [1]
  .bss               zero     0x20000b04    0x14  bsp_ProtocolLayer.o [1]
  .bss               zero     0x20000b18    0x12  main.o [1]
  .bss               zero     0x20000b2a     0x5  bsp_wrieless.o [1]
  .bss               zero     0x20000b30     0x8  bsp_AirSensor.o [1]
  .bss               zero     0x20000b38     0x8  main.o [1]
  .bss               zero     0x20000b40     0x8  main.o [1]
  .bss               zero     0x20000b48     0x4  stm32f1xx_hal.o [1]
                            - 0x20000b4c   0xa1c

"P2", part 3 of 3:                         0x400
  CSTACK                      0x20000b50   0x400  <Block>
    CSTACK           uninit   0x20000b50   0x400  <Block tail>
                            - 0x20000f50   0x400


*******************************************************************************
*** INIT TABLE
***

          Address     Size
          -------     ----
Zero (__iar_zero_init3)
    1 destination range, total size 0xa1c:
          0x20000130  0xa1c

Copy (__iar_copy_init3)
    1 source range, total size 0x130:
          0x0800424c  0x130
    1 destination range, total size 0x130:
          0x20000000  0x130



*******************************************************************************
*** MODULE SUMMARY
***

    Module                       ro code  ro data  rw data
    ------                       -------  -------  -------
E:\Users\bertz\Documents\GitHub\BSPv2.1\EWARM\BSPv2.1\Obj: [1]
    BSP_DAC5571.o                     68                 2
    adc.o                            300               116
    bsp_AirSensor.o                   92                 8
    bsp_DataTransmissionLayer.o      292             1 032
    bsp_GentleSensor.o               128
    bsp_Log.o                        200                25
    bsp_ProtocolLayer.o              948               688
    bsp_data.o                                300      300
    bsp_led.o                        130
    bsp_motor.o                      536
    bsp_wrieless.o                   276                 5
    dma.o                             32
    gpio.o                           312
    i2c.o                            188                84
    main.o                         1 058                78
    spi.o                            236                88
    startup_stm32f103xe.o            512
    stm32f1xx_hal.o                  134                 4
    stm32f1xx_hal_adc.o              864
    stm32f1xx_hal_adc_ex.o             2
    stm32f1xx_hal_cortex.o           230
    stm32f1xx_hal_dma.o            1 058
    stm32f1xx_hal_gpio.o             500
    stm32f1xx_hal_i2c.o            3 814
    stm32f1xx_hal_msp.o              140
    stm32f1xx_hal_rcc.o            1 246
    stm32f1xx_hal_rcc_ex.o           232
    stm32f1xx_hal_spi.o              234
    stm32f1xx_hal_spi_ex.o           130
    stm32f1xx_hal_tim.o              884
    stm32f1xx_hal_tim_ex.o            78
    stm32f1xx_hal_uart.o           1 568
    stm32f1xx_it.o                   168
    system_stm32f1xx.o                92       12        4
    tim.o                            420               192
    usart.o                          404               264
    ------------------------------------------------------
    Total:                        17 506      312    2 890

command line: [2]
    ------------------------------------------------------
    Total:

dl7M_tlf.a: [3]
    exit.o                             4
    low_level_init.o                   4
    ------------------------------------------------------
    Total:                             8

rt7M_tl.a: [4]
    ABImemcpy.o                      166
    cexit.o                           10
    cmain.o                           30
    copy_init3.o                      44
    cstartup_M.o                      12
    data_init.o                       40
    zero_init3.o                      64
    ------------------------------------------------------
    Total:                           366

shb_l.a: [5]
    exit.o                            20
    ------------------------------------------------------
    Total:                            20

    Gaps                              24                 2
    Linker created                             36    1 024
----------------------------------------------------------
    Grand Total:                  17 924      348    3 916


*******************************************************************************
*** ENTRY LIST
***

Entry                      Address   Size  Type      Object
-----                      -------   ----  ----      ------
.iar.init_table$$Base   0x08004610          --   Gb  - Linker created -
.iar.init_table$$Limit  0x08004634          --   Gb  - Linker created -
?main                   0x08004635         Code  Gb  cmain.o [4]
ADC1_2_IRQHandler       0x08004499    0x6  Code  Gb  stm32f1xx_it.o [1]
ADC_ConversionStop_Disable
                        0x08003a41   0x44  Code  Gb  stm32f1xx_hal_adc.o [1]
AHBPrescTable           0x0800456c   0x10  Data  Gb  system_stm32f1xx.o [1]
APBPrescTable           0x08004698    0x8  Data  Gb  system_stm32f1xx.o [1]
BSP_AirSensorChecked    0x08002e79   0x4a  Code  Gb  bsp_AirSensor.o [1]
BSP_AirSensorInit       0x08002e71    0x8  Code  Gb  bsp_AirSensor.o [1]
BSP_DAC5571_Init        0x08003139   0x18  Code  Gb  BSP_DAC5571.o [1]
BSP_DAC5571_WriteValue  0x08003151   0x1a  Code  Gb  BSP_DAC5571.o [1]
BSP_DriverBoardProtocolInit
                        0x08002fbf   0x14  Code  Gb  bsp_DataTransmissionLayer.o [1]
BSP_DriverBoardUsartReceive_IDLE
                        0x08002f4d   0x20  Code  Gb  bsp_DataTransmissionLayer.o [1]
BSP_GentleSensorCheck   0x08002ed5   0x62  Code  Gb  bsp_GentleSensor.o [1]
BSP_GentleSensorInit    0x08002ecd    0x8  Code  Gb  bsp_GentleSensor.o [1]
BSP_HandingDriverBoardRequest
                        0x080033db  0x140  Code  Gb  bsp_ProtocolLayer.o [1]
BSP_HandingUartData     0x0800321b  0x1a0  Code  Lc  bsp_ProtocolLayer.o [1]
BSP_HandingUartDataFromDriverBoard
                        0x080033cd    0xe  Code  Gb  bsp_ProtocolLayer.o [1]
BSP_LEDCheck            0x0800317d   0x66  Code  Gb  bsp_led.o [1]
BSP_LeftDoorBoardUsartReceive_IDLE
                        0x08002f6d   0x20  Code  Gb  bsp_DataTransmissionLayer.o [1]
BSP_Log_CheckReportInfo
                        0x080030c9   0x6a  Code  Gb  bsp_Log.o [1]
BSP_Log_Init            0x08003071   0x18  Code  Gb  bsp_Log.o [1]
BSP_Log_UpAirSensorStatus
                        0x080030ab   0x12  Code  Gb  bsp_Log.o [1]
BSP_Log_UpGentleStatus  0x08003099   0x12  Code  Gb  bsp_Log.o [1]
BSP_Log_UpOpenMode      0x08003089   0x10  Code  Gb  bsp_Log.o [1]
BSP_Log_WriteFlag       0x080030c7    0x2  Code  Gb  bsp_Log.o [1]
BSP_MotorActionA        0x08002cd3   0x3c  Code  Gb  bsp_motor.o [1]
BSP_MotorCheckA         0x08002c19   0xba  Code  Gb  bsp_motor.o [1]
BSP_MotorInit           0x08002b45   0x42  Code  Gb  bsp_motor.o [1]
BSP_MotorRun            0x08002ba5   0x38  Code  Gb  bsp_motor.o [1]
BSP_MotorStop           0x08002bfb   0x14  Code  Gb  bsp_motor.o [1]
BSP_SendAckData         0x0800351b   0x82  Code  Gb  bsp_ProtocolLayer.o [1]
BSP_SendByteToDriverBoard
                        0x08002fed   0x36  Code  Gb  bsp_DataTransmissionLayer.o [1]
BSP_SendDataToDriverBoard
                        0x08003023   0x36  Code  Gb  bsp_DataTransmissionLayer.o [1]
BSP_WirelessAction      0x08002def   0x6e  Code  Gb  bsp_wrieless.o [1]
BSP_WirelessCheck       0x08002d65   0x8a  Code  Gb  bsp_wrieless.o [1]
BSP_WirelessInit        0x08002d5d    0x8  Code  Gb  bsp_wrieless.o [1]
BusFault_Handler        0x0800446f    0x2  Code  Gb  stm32f1xx_it.o [1]
CSTACK$$Base            0x20000b50          --   Gb  - Linker created -
CSTACK$$Limit           0x20000f50          --   Gb  - Linker created -
DMA1_Channel1_IRQHandler
                        0x08004487    0x6  Code  Gb  stm32f1xx_it.o [1]
DMA1_Channel5_IRQHandler
                        0x0800448d    0x6  Code  Gb  stm32f1xx_it.o [1]
DMA1_Channel6_IRQHandler
                        0x08004493    0x6  Code  Gb  stm32f1xx_it.o [1]
DMA_SetConfig           0x080019bd   0x22  Code  Lc  stm32f1xx_hal_dma.o [1]
DataChangedFlag         0x20000b00    0x1  Data  Lc  bsp_Log.o [1]
DebugMon_Handler        0x08004475    0x2  Code  Gb  stm32f1xx_it.o [1]
DoorBoardInfo           0x20000ae8   0x18  Data  Lc  bsp_Log.o [1]
DriverBoardAckedData    0x20000144   0x18  Data  Gb  bsp_ProtocolLayer.o [1]
DriverBoardRevDataStruct
                        0x20000130   0x10  Data  Gb  bsp_ProtocolLayer.o [1]
DriverBoardUsartType    0x2000035c  0x204  Data  Gb  bsp_DataTransmissionLayer.o [1]
DriverRevDataBuf        0x2000015c  0x200  Data  Lc  bsp_ProtocolLayer.o [1]
HAL_ADCEx_InjectedConvCpltCallback
                        0x08004241    0x2  Code  Wk  stm32f1xx_hal_adc_ex.o [1]
HAL_ADC_ConfigChannel   0x08003929   0xe4  Code  Gb  stm32f1xx_hal_adc.o [1]
HAL_ADC_IRQHandler      0x08003839   0xd8  Code  Gb  stm32f1xx_hal_adc.o [1]
HAL_ADC_Init            0x08003729  0x110  Code  Gb  stm32f1xx_hal_adc.o [1]
HAL_ADC_MspInit         0x08002211   0x6e  Code  Gb  adc.o [1]
HAL_DMA_Abort           0x080016b7   0x32  Code  Gb  stm32f1xx_hal_dma.o [1]
HAL_DMA_Abort_IT        0x080016e9   0xdc  Code  Gb  stm32f1xx_hal_dma.o [1]
HAL_DMA_IRQHandler      0x080017c5  0x1b4  Code  Gb  stm32f1xx_hal_dma.o [1]
HAL_DMA_Init            0x080015bd   0x78  Code  Gb  stm32f1xx_hal_dma.o [1]
HAL_DMA_Start_IT        0x08001643   0x74  Code  Gb  stm32f1xx_hal_dma.o [1]
HAL_Delay               0x08004179   0x1e  Code  Wk  stm32f1xx_hal.o [1]
HAL_GPIO_Init           0x08001e09  0x196  Code  Gb  stm32f1xx_hal_gpio.o [1]
HAL_GPIO_ReadPin        0x08001f9f    0xc  Code  Gb  stm32f1xx_hal_gpio.o [1]
HAL_GPIO_TogglePin      0x08001fb7    0x8  Code  Gb  stm32f1xx_hal_gpio.o [1]
HAL_GPIO_WritePin       0x08001fab    0xc  Code  Gb  stm32f1xx_hal_gpio.o [1]
HAL_GetTick             0x080015a1    0xc  Code  Wk  stm32f1xx_hal.o [1]
HAL_I2C_ER_IRQHandler   0x080005e1   0xc0  Code  Gb  stm32f1xx_hal_i2c.o [1]
HAL_I2C_EV_IRQHandler   0x080003af  0x20e  Code  Gb  stm32f1xx_hal_i2c.o [1]
HAL_I2C_Init            0x08000131   0xc8  Code  Gb  stm32f1xx_hal_i2c.o [1]
HAL_I2C_Master_Transmit
                        0x08000209   0xa2  Code  Gb  stm32f1xx_hal_i2c.o [1]
HAL_I2C_MspInit         0x0800103d   0x3a  Code  Gb  i2c.o [1]
HAL_IncTick             0x08004511   0x10  Code  Wk  stm32f1xx_hal.o [1]
HAL_Init                0x08002025   0x20  Code  Gb  stm32f1xx_hal.o [1]
HAL_InitTick            0x08001ffd   0x28  Code  Wk  stm32f1xx_hal.o [1]
HAL_MspInit             0x0800369d   0x8c  Code  Gb  stm32f1xx_hal_msp.o [1]
HAL_NVIC_EnableIRQ      0x08002763    0xa  Code  Gb  stm32f1xx_hal_cortex.o [1]
HAL_NVIC_SetPriority    0x08002729   0x3a  Code  Gb  stm32f1xx_hal_cortex.o [1]
HAL_NVIC_SetPriorityGrouping
                        0x0800270f   0x1a  Code  Gb  stm32f1xx_hal_cortex.o [1]
HAL_RCCEx_PeriphCLKConfig
                        0x080035b5   0xda  Code  Gb  stm32f1xx_hal_rcc_ex.o [1]
HAL_RCC_ClockConfig     0x080013dd  0x10c  Code  Gb  stm32f1xx_hal_rcc.o [1]
HAL_RCC_GetHCLKFreq     0x08001535    0x6  Code  Gb  stm32f1xx_hal_rcc.o [1]
HAL_RCC_GetPCLK1Freq    0x0800153b   0x10  Code  Gb  stm32f1xx_hal_rcc.o [1]
HAL_RCC_GetPCLK2Freq    0x0800154b    0xe  Code  Gb  stm32f1xx_hal_rcc.o [1]
HAL_RCC_GetSysClockFreq
                        0x080014fd   0x38  Code  Gb  stm32f1xx_hal_rcc.o [1]
HAL_RCC_GetSysClockFreq::aPLLMULFactorTable
                        0x0800158c   0x10  Data  Lc  stm32f1xx_hal_rcc.o [1]
HAL_RCC_GetSysClockFreq::aPredivFactorTable
                        0x0800159c    0x2  Data  Lc  stm32f1xx_hal_rcc.o [1]
HAL_RCC_OscConfig       0x080010c1  0x314  Code  Gb  stm32f1xx_hal_rcc.o [1]
HAL_SPI_IRQHandler      0x0800437d   0xdc  Code  Gb  stm32f1xx_hal_spi.o [1]
HAL_SPI_Init            0x08003a85   0x82  Code  Gb  stm32f1xx_hal_spi_ex.o [1]
HAL_SPI_MspInit         0x08002315   0x5e  Code  Gb  spi.o [1]
HAL_SYSTICK_CLKSourceConfig
                        0x0800279f   0x1a  Code  Gb  stm32f1xx_hal_cortex.o [1]
HAL_SYSTICK_Config      0x08002777   0x28  Code  Gb  stm32f1xx_hal_cortex.o [1]
HAL_SYSTICK_IRQHandler  0x080027d1    0x4  Code  Gb  stm32f1xx_hal_cortex.o [1]
HAL_TIMEx_BreakCallback
                        0x08004171    0x2  Code  Wk  stm32f1xx_hal_tim_ex.o [1]
HAL_TIMEx_CommutationCallback
                        0x08004175    0x2  Code  Wk  stm32f1xx_hal_tim_ex.o [1]
HAL_TIMEx_MasterConfigSynchronization
                        0x08003b09   0x4a  Code  Gb  stm32f1xx_hal_tim_ex.o [1]
HAL_TIM_Base_Init       0x080027d9   0x1a  Code  Gb  stm32f1xx_hal_tim.o [1]
HAL_TIM_Base_MspInit    0x080024a9   0x64  Code  Gb  tim.o [1]
HAL_TIM_Base_Start_IT   0x080027f3   0x16  Code  Gb  stm32f1xx_hal_tim.o [1]
HAL_TIM_ConfigClockSource
                        0x08002975   0xac  Code  Gb  stm32f1xx_hal_tim.o [1]
HAL_TIM_IRQHandler      0x0800282d  0x142  Code  Gb  stm32f1xx_hal_tim.o [1]
HAL_TIM_PeriodElapsedCallback
                        0x08001c85   0x92  Code  Gb  main.o [1]
HAL_UART_DMAStop        0x08003d11   0x48  Code  Gb  stm32f1xx_hal_uart.o [1]
HAL_UART_IRQHandler     0x08003d71  0x152  Code  Gb  stm32f1xx_hal_uart.o [1]
HAL_UART_Init           0x08003b55   0x1e  Code  Gb  stm32f1xx_hal_uart.o [1]
HAL_UART_MspInit        0x080025b1   0xc8  Code  Gb  usart.o [1]
HAL_UART_Receive_DMA    0x08003c7f   0x92  Code  Gb  stm32f1xx_hal_uart.o [1]
HAL_UART_Transmit       0x08003bcd   0xaa  Code  Gb  stm32f1xx_hal_uart.o [1]
HardFault_Handler       0x0800446b    0x2  Code  Gb  stm32f1xx_it.o [1]
I2C2_ER_IRQHandler      0x080044ab    0x6  Code  Gb  stm32f1xx_it.o [1]
I2C2_EV_IRQHandler      0x080044a5    0x6  Code  Gb  stm32f1xx_it.o [1]
I2C_DMAAbort            0x08000e0d   0x50  Code  Lc  stm32f1xx_hal_i2c.o [1]
I2C_ITError             0x08000c29   0xde  Code  Lc  stm32f1xx_hal_i2c.o [1]
I2C_IsAcknowledgeFailed
                        0x08000fdb   0x28  Code  Lc  stm32f1xx_hal_i2c.o [1]
I2C_MasterReceive_BTF   0x080008b7   0x90  Code  Lc  stm32f1xx_hal_i2c.o [1]
I2C_MasterReceive_RXNE  0x08000803   0x9c  Code  Lc  stm32f1xx_hal_i2c.o [1]
I2C_MasterRequestWrite  0x08000d35   0x7a  Code  Lc  stm32f1xx_hal_i2c.o [1]
I2C_MasterTransmit_BTF  0x08000769   0x48  Code  Lc  stm32f1xx_hal_i2c.o [1]
I2C_MasterTransmit_TXE  0x080006a1   0xc8  Code  Lc  stm32f1xx_hal_i2c.o [1]
I2C_Master_ADDR         0x0800096d  0x12c  Code  Lc  stm32f1xx_hal_i2c.o [1]
I2C_Slave_AF            0x08000bb1   0x78  Code  Lc  stm32f1xx_hal_i2c.o [1]
I2C_Slave_STOPF         0x08000ad5   0xd6  Code  Lc  stm32f1xx_hal_i2c.o [1]
I2C_WaitOnBTFFlagUntilTimeout
                        0x08000f7f   0x34  Code  Lc  stm32f1xx_hal_i2c.o [1]
I2C_WaitOnFlagUntilTimeout
                        0x08000e5d   0x6c  Code  Lc  stm32f1xx_hal_i2c.o [1]
I2C_WaitOnMasterAddressFlagUntilTimeout
                        0x08000ec9   0x82  Code  Lc  stm32f1xx_hal_i2c.o [1]
I2C_WaitOnTXEFlagUntilTimeout
                        0x08000f4b   0x34  Code  Lc  stm32f1xx_hal_i2c.o [1]
LeftDoorBoardUsartType  0x20000560  0x204  Data  Gb  bsp_DataTransmissionLayer.o [1]
MX_ADC1_Init            0x080021a1   0x70  Code  Gb  adc.o [1]
MX_DMA_Init             0x08002181   0x20  Code  Gb  dma.o [1]
MX_GPIO_Init            0x08002049   0xfe  Code  Gb  gpio.o [1]
MX_I2C2_Init            0x08001005   0x38  Code  Gb  i2c.o [1]
MX_SPI1_Init            0x080022cd   0x48  Code  Gb  spi.o [1]
MX_TIM4_Init            0x080023b9   0x40  Code  Gb  tim.o [1]
MX_TIM5_Init            0x080023f9   0x42  Code  Gb  tim.o [1]
MX_TIM6_Init            0x0800246d   0x3c  Code  Gb  tim.o [1]
MX_USART1_UART_Init     0x0800255d   0x16  Code  Gb  usart.o [1]
MX_USART2_UART_Init     0x08002573   0x16  Code  Gb  usart.o [1]
MemManage_Handler       0x0800446d    0x2  Code  Gb  stm32f1xx_it.o [1]
NMI_Handler             0x08004469    0x2  Code  Gb  stm32f1xx_it.o [1]
NVIC_SetPriority        0x080026f1   0x1e  Code  Lc  stm32f1xx_hal_cortex.o [1]
PendSV_Handler          0x08004477    0x2  Code  Gb  stm32f1xx_it.o [1]
RasterStateCheck        0x08001d17   0xca  Code  Lc  main.o [1]
Region$$Table$$Base     0x08004610          --   Gb  - Linker created -
Region$$Table$$Limit    0x08004634          --   Gb  - Linker created -
SPI1_IRQHandler         0x080044b1    0x6  Code  Gb  stm32f1xx_it.o [1]
SPI_DMAAbortOnError     0x08004459    0xc  Code  Lc  stm32f1xx_hal_spi.o [1]
SVC_Handler             0x08004473    0x2  Code  Gb  stm32f1xx_it.o [1]
SendOpenFlag            0x20000140    0x4  Data  Gb  bsp_ProtocolLayer.o [1]
SysTick_Handler         0x08004479    0xe  Code  Gb  stm32f1xx_it.o [1]
SystemClock_Config      0x08001bff   0x86  Code  Gb  main.o [1]
SystemCoreClock         0x2000012c    0x4  Data  Gb  system_stm32f1xx.o [1]
SystemInit              0x08004521   0x3a  Code  Gb  system_stm32f1xx.o [1]
TIM4_IRQHandler         0x0800449f    0x6  Code  Gb  stm32f1xx_it.o [1]
TIM5_IRQHandler         0x080044d7    0x6  Code  Gb  stm32f1xx_it.o [1]
TIM6_IRQHandler         0x080044dd    0x6  Code  Gb  stm32f1xx_it.o [1]
TIM_Base_SetConfig      0x08002a4b   0x74  Code  Gb  stm32f1xx_hal_tim.o [1]
TIM_ETR_SetConfig       0x08002b2b   0x14  Code  Lc  stm32f1xx_hal_tim.o [1]
TIM_ITRx_SetConfig      0x08002b1b   0x10  Code  Lc  stm32f1xx_hal_tim.o [1]
TIM_TI1_ConfigInputStage
                        0x08002ad9   0x1e  Code  Lc  stm32f1xx_hal_tim.o [1]
TIM_TI2_ConfigInputStage
                        0x08002af7   0x24  Code  Lc  stm32f1xx_hal_tim.o [1]
Table                   0x20000b04   0x14  Data  Gb  bsp_ProtocolLayer.o [1]
Tim4Flag                0x20000ad7    0x1  Data  Gb  main.o [1]
Tim5EnterTimeoutCnt     0x20000ae4    0x4  Data  Gb  main.o [1]
Tim5EnterTimeoutSum     0x20000ae0    0x4  Data  Gb  main.o [1]
Tim5Flag                0x20000ad8    0x1  Data  Gb  main.o [1]
Tim5LedCnt              0x20000b42    0x2  Data  Gb  main.o [1]
Tim5LedFlag             0x20000ad9    0x1  Data  Gb  main.o [1]
Tim5LogCnt              0x20000b44    0x4  Data  Gb  main.o [1]
Tim5LogFlag             0x20000ada    0x1  Data  Gb  main.o [1]
Tim6OpenSpeedCnt        0x20000b40    0x1  Data  Gb  main.o [1]
Tim6OpenSpeedFlag       0x20000adb    0x1  Data  Gb  main.o [1]
UART_DMAAbortOnError    0x08003fe1    0xc  Code  Lc  stm32f1xx_hal_uart.o [1]
UART_DMAError           0x08003f05   0x4a  Code  Lc  stm32f1xx_hal_uart.o [1]
UART_DMAReceiveCplt     0x08003ec5   0x38  Code  Lc  stm32f1xx_hal_uart.o [1]
UART_DMARxHalfCplt      0x08003efd    0x6  Code  Lc  stm32f1xx_hal_uart.o [1]
UART_EndRxTransfer      0x08003fc5   0x1c  Code  Lc  stm32f1xx_hal_uart.o [1]
UART_EndTxTransfer      0x08003fb3   0x12  Code  Lc  stm32f1xx_hal_uart.o [1]
UART_Receive_IT         0x08003fed   0x96  Code  Lc  stm32f1xx_hal_uart.o [1]
UART_SetConfig          0x08004083   0xde  Code  Lc  stm32f1xx_hal_uart.o [1]
UART_WaitOnFlagUntilTimeout
                        0x08003f4f   0x56  Code  Lc  stm32f1xx_hal_uart.o [1]
USART1_IRQHandler       0x080044b7    0xc  Code  Gb  stm32f1xx_it.o [1]
USART2_IRQHandler       0x080044c3    0xa  Code  Gb  stm32f1xx_it.o [1]
UsageFault_Handler      0x08004471    0x2  Code  Gb  stm32f1xx_it.o [1]
_Error_Handler          0x08001e05    0x2  Code  Gb  main.o [1]
__aeabi_memcpy          0x08004199         Code  Gb  ABImemcpy.o [4]
__aeabi_memcpy4         0x080041b9         Code  Gb  ABImemcpy.o [4]
__aeabi_memcpy8         0x080041b9         Code  Gb  ABImemcpy.o [4]
__cmain                 0x08004635         Code  Gb  cmain.o [4]
__exit                  0x08004669   0x14  Code  Gb  exit.o [5]
__iar_copy_init3        0x080045bd   0x2c  Code  Gb  copy_init3.o [4]
__iar_data_init3        0x080045e9   0x28  Code  Gb  data_init.o [4]
__iar_program_start     0x0800468d         Code  Gb  cstartup_M.o [4]
__iar_systems$$module {Abs}
                        0x00000001         Data  Gb  command line/config [2]
__iar_zero_init3        0x0800457d   0x40  Code  Gb  zero_init3.o [4]
__low_level_init        0x08004653    0x4  Code  Gb  low_level_init.o [3]
__vector_table          0x08000000         Data  Gb  startup_stm32f103xe.o [1]
_call_main              0x08004641         Code  Gb  cmain.o [4]
_exit                   0x0800465d         Code  Gb  cexit.o [4]
_main                   0x0800464f         Code  Gb  cmain.o [4]
exit                    0x08004657    0x4  Code  Gb  exit.o [3]
gAirSensor              0x20000b30    0x8  Data  Gb  bsp_AirSensor.o [1]
gCarEnteredFlag         0x20000ad6    0x1  Data  Gb  main.o [1]
gCloseFlag              0x20000b41    0x1  Data  Gb  main.o [1]
gEnterTimeoutFlag       0x20000ad5    0x1  Data  Gb  main.o [1]
gGentleSensorGpio       0x20000b38    0x8  Data  Gb  main.o [1]
gHorGpio                0x20000b18    0x8  Data  Gb  main.o [1]
gMotorMachine           0x20000abc   0x18  Data  Gb  main.o [1]
gOpenBControlBuf        0x20000000  0x12c  Data  Gb  bsp_data.o [1]
gOpenSpeedFlag          0x20000adc    0x1  Data  Gb  main.o [1]
gRevOpenFlag            0x20000ad4    0x1  Data  Gb  main.o [1]
gSpeed                  0x20000ade    0x2  Data  Gb  main.o [1]
gVerGpio                0x20000b20    0x8  Data  Gb  main.o [1]
gWrielessActionFlag     0x20000b28    0x1  Data  Gb  main.o [1]
gWrielessModeFlag       0x20000b29    0x1  Data  Gb  main.o [1]
getXORCode              0x08003201   0x1a  Code  Lc  bsp_ProtocolLayer.o [1]
hadc1                   0x20000a8c   0x30  Data  Gb  adc.o [1]
hdma_adc1               0x20000908   0x44  Data  Gb  adc.o [1]
hdma_usart1_rx          0x20000764   0x44  Data  Gb  usart.o [1]
hdma_usart2_rx          0x200007a8   0x44  Data  Gb  usart.o [1]
hi2c2                   0x200008b4   0x54  Data  Gb  i2c.o [1]
hspi1                   0x2000085c   0x58  Data  Gb  spi.o [1]
htim4                   0x2000094c   0x40  Data  Gb  tim.o [1]
htim5                   0x2000098c   0x40  Data  Gb  tim.o [1]
htim6                   0x200009cc   0x40  Data  Gb  tim.o [1]
huart1                  0x20000a0c   0x40  Data  Gb  usart.o [1]
huart2                  0x20000a4c   0x40  Data  Gb  usart.o [1]
main                    0x080019e5  0x21a  Code  Gb  main.o [1]
sNeedToAckStruct        0x200007ec   0x70  Data  Gb  bsp_ProtocolLayer.o [1]
uwTick                  0x20000b48    0x4  Data  Gb  stm32f1xx_hal.o [1]
wrielessFilterCnt       0x20000b2b    0x1  Data  Lc  bsp_wrieless.o [1]
wrielessFilterSum       0x20000b2c    0x1  Data  Lc  bsp_wrieless.o [1]
wrielessGpioRelease     0x20000b2e    0x1  Data  Lc  bsp_wrieless.o [1]
wrielessGpioState       0x20000b2d    0x1  Data  Lc  bsp_wrieless.o [1]
wrielessLastReadValue   0x20000b2a    0x1  Data  Lc  bsp_wrieless.o [1]
writebuffer             0x20000b02    0x2  Data  Lc  BSP_DAC5571.o [1]


[1] = E:\Users\bertz\Documents\GitHub\BSPv2.1\EWARM\BSPv2.1\Obj
[2] = command line
[3] = dl7M_tlf.a
[4] = rt7M_tl.a
[5] = shb_l.a

  17 924 bytes of readonly  code memory
     348 bytes of readonly  data memory
   3 916 bytes of readwrite data memory

Errors: none
Warnings: none
