###############################################################################
#
# IAR ELF Linker V8.22.1.15669/W32 for ARM                26/Mar/2018  19:03:03
# Copyright 2007-2018 IAR Systems AB.
#
#    Output file  =  
#        E:\Users\bertz\Documents\GitHub\BSPv2.1\EWARM\BSPv2.1\Exe\BSPv2.1.out
#    Map file     =  
#        E:\Users\bertz\Documents\GitHub\BSPv2.1\EWARM\BSPv2.1\List\BSPv2.1.map
#    Command line =  
#        -f C:\Users\bertz\AppData\Local\Temp\EW72E5.tmp
#        (E:\Users\bertz\Documents\GitHub\BSPv2.1\EWARM\BSPv2.1\Obj\adc.o
#        E:\Users\bertz\Documents\GitHub\BSPv2.1\EWARM\BSPv2.1\Obj\bsp_AirSensor.o
#        E:\Users\bertz\Documents\GitHub\BSPv2.1\EWARM\BSPv2.1\Obj\BSP_DAC5571.o
#        E:\Users\bertz\Documents\GitHub\BSPv2.1\EWARM\BSPv2.1\Obj\bsp_data.o
#        E:\Users\bertz\Documents\GitHub\BSPv2.1\EWARM\BSPv2.1\Obj\bsp_DataTransmissionLayer.o
#        E:\Users\bertz\Documents\GitHub\BSPv2.1\EWARM\BSPv2.1\Obj\bsp_GentleSensor.o
#        E:\Users\bertz\Documents\GitHub\BSPv2.1\EWARM\BSPv2.1\Obj\bsp_led.o
#        E:\Users\bertz\Documents\GitHub\BSPv2.1\EWARM\BSPv2.1\Obj\bsp_Log.o
#        E:\Users\bertz\Documents\GitHub\BSPv2.1\EWARM\BSPv2.1\Obj\bsp_motor.o
#        E:\Users\bertz\Documents\GitHub\BSPv2.1\EWARM\BSPv2.1\Obj\bsp_ProtocolLayer.o
#        E:\Users\bertz\Documents\GitHub\BSPv2.1\EWARM\BSPv2.1\Obj\bsp_wrieless.o
#        E:\Users\bertz\Documents\GitHub\BSPv2.1\EWARM\BSPv2.1\Obj\dma.o
#        E:\Users\bertz\Documents\GitHub\BSPv2.1\EWARM\BSPv2.1\Obj\gpio.o
#        E:\Users\bertz\Documents\GitHub\BSPv2.1\EWARM\BSPv2.1\Obj\i2c.o
#        E:\Users\bertz\Documents\GitHub\BSPv2.1\EWARM\BSPv2.1\Obj\main.o
#        E:\Users\bertz\Documents\GitHub\BSPv2.1\EWARM\BSPv2.1\Obj\spi.o
#        E:\Users\bertz\Documents\GitHub\BSPv2.1\EWARM\BSPv2.1\Obj\startup_stm32f103xe.o
#        E:\Users\bertz\Documents\GitHub\BSPv2.1\EWARM\BSPv2.1\Obj\stm32f1xx_hal.o
#        E:\Users\bertz\Documents\GitHub\BSPv2.1\EWARM\BSPv2.1\Obj\stm32f1xx_hal_adc.o
#        E:\Users\bertz\Documents\GitHub\BSPv2.1\EWARM\BSPv2.1\Obj\stm32f1xx_hal_adc_ex.o
#        E:\Users\bertz\Documents\GitHub\BSPv2.1\EWARM\BSPv2.1\Obj\stm32f1xx_hal_cortex.o
#        E:\Users\bertz\Documents\GitHub\BSPv2.1\EWARM\BSPv2.1\Obj\stm32f1xx_hal_dma.o
#        E:\Users\bertz\Documents\GitHub\BSPv2.1\EWARM\BSPv2.1\Obj\stm32f1xx_hal_flash.o
#        E:\Users\bertz\Documents\GitHub\BSPv2.1\EWARM\BSPv2.1\Obj\stm32f1xx_hal_flash_ex.o
#        E:\Users\bertz\Documents\GitHub\BSPv2.1\EWARM\BSPv2.1\Obj\stm32f1xx_hal_gpio.o
#        E:\Users\bertz\Documents\GitHub\BSPv2.1\EWARM\BSPv2.1\Obj\stm32f1xx_hal_gpio_ex.o
#        E:\Users\bertz\Documents\GitHub\BSPv2.1\EWARM\BSPv2.1\Obj\stm32f1xx_hal_i2c.o
#        E:\Users\bertz\Documents\GitHub\BSPv2.1\EWARM\BSPv2.1\Obj\stm32f1xx_hal_msp.o
#        E:\Users\bertz\Documents\GitHub\BSPv2.1\EWARM\BSPv2.1\Obj\stm32f1xx_hal_pwr.o
#        E:\Users\bertz\Documents\GitHub\BSPv2.1\EWARM\BSPv2.1\Obj\stm32f1xx_hal_rcc.o
#        E:\Users\bertz\Documents\GitHub\BSPv2.1\EWARM\BSPv2.1\Obj\stm32f1xx_hal_rcc_ex.o
#        E:\Users\bertz\Documents\GitHub\BSPv2.1\EWARM\BSPv2.1\Obj\stm32f1xx_hal_spi.o
#        E:\Users\bertz\Documents\GitHub\BSPv2.1\EWARM\BSPv2.1\Obj\stm32f1xx_hal_spi_ex.o
#        E:\Users\bertz\Documents\GitHub\BSPv2.1\EWARM\BSPv2.1\Obj\stm32f1xx_hal_tim.o
#        E:\Users\bertz\Documents\GitHub\BSPv2.1\EWARM\BSPv2.1\Obj\stm32f1xx_hal_tim_ex.o
#        E:\Users\bertz\Documents\GitHub\BSPv2.1\EWARM\BSPv2.1\Obj\stm32f1xx_hal_uart.o
#        E:\Users\bertz\Documents\GitHub\BSPv2.1\EWARM\BSPv2.1\Obj\stm32f1xx_it.o
#        E:\Users\bertz\Documents\GitHub\BSPv2.1\EWARM\BSPv2.1\Obj\system_stm32f1xx.o
#        E:\Users\bertz\Documents\GitHub\BSPv2.1\EWARM\BSPv2.1\Obj\tim.o
#        E:\Users\bertz\Documents\GitHub\BSPv2.1\EWARM\BSPv2.1\Obj\usart.o
#        --redirect _Printf=_PrintfFull --redirect _Scanf=_ScanfFull -o
#        E:\Users\bertz\Documents\GitHub\BSPv2.1\EWARM\BSPv2.1\Exe\BSPv2.1.out
#        --map
#        E:\Users\bertz\Documents\GitHub\BSPv2.1\EWARM\BSPv2.1\List\BSPv2.1.map
#        --config
#        E:\Users\bertz\Documents\GitHub\BSPv2.1\EWARM/stm32f103xe_flash.icf
#        --semihosting --entry __iar_program_start --vfe --text_out locale)
#
###############################################################################

*******************************************************************************
*** RUNTIME MODEL ATTRIBUTES
***

CppFlavor       = *
__SystemLibrary = DLib
__dlib_version  = 6


*******************************************************************************
*** HEAP SELECTION
***

The basic heap was selected because no calls to memory allocation
functions were found in the application outside of system library
functions, and there are calls to deallocation functions in the
application.


*******************************************************************************
*** PLACEMENT SUMMARY
***

"A0":  place at 0x08000000 { ro section .intvec };
"P1":  place in [from 0x08000000 to 0x0807ffff] { ro };
define block CSTACK with size = 1K, alignment = 8 { };
define block HEAP with size = 512, alignment = 8 { };
"P2":  place in [from 0x20000000 to 0x2000ffff] {
          rw, block CSTACK, block HEAP };
initialize by copy { rw };

  Section            Kind        Address    Size  Object
  -------            ----        -------    ----  ------
"A0":                                      0x130
  .intvec            ro code  0x08000000   0x130  startup_stm32f103xe.o [1]
                            - 0x08000130   0x130

"P1":                                     0x4600
  .text              ro code  0x08000130   0xed2  stm32f1xx_hal_i2c.o [1]
  .text              ro code  0x08001004    0xbc  i2c.o [1]
  .text              ro code  0x080010c0   0x4de  stm32f1xx_hal_rcc.o [1]
  .text              ro code  0x080015a0     0xc  stm32f1xx_hal.o [1]
  .text              ro code  0x080015ac     0x2  stm32f1xx_hal_i2c.o [1]
  .text              ro code  0x080015ae     0x2  stm32f1xx_hal_i2c.o [1]
  .text              ro code  0x080015b0     0x2  stm32f1xx_hal_i2c.o [1]
  .text              ro code  0x080015b2     0x2  stm32f1xx_hal_i2c.o [1]
  .text              ro code  0x080015b4     0x2  stm32f1xx_hal_i2c.o [1]
  .text              ro code  0x080015b6     0x2  stm32f1xx_hal_i2c.o [1]
  .text              ro code  0x080015b8     0x2  stm32f1xx_hal_i2c.o [1]
  .text              ro code  0x080015ba     0x2  stm32f1xx_hal_i2c.o [1]
  .text              ro code  0x080015bc   0x422  stm32f1xx_hal_dma.o [1]
  .text              ro code  0x080019de     0x2  stm32f1xx_hal_i2c.o [1]
  .text              ro code  0x080019e0     0x2  stm32f1xx_hal_i2c.o [1]
  .text              ro code  0x080019e4   0x3f2  main.o [1]
  .text              ro code  0x08001dd8   0x1f4  stm32f1xx_hal_gpio.o [1]
  .text              ro code  0x08001fcc    0x28  stm32f1xx_hal.o [1]
  .text              ro code  0x08001ff4    0x24  stm32f1xx_hal.o [1]
  .text              ro code  0x08002018   0x138  gpio.o [1]
  .text              ro code  0x08002150    0x20  dma.o [1]
  .text              ro code  0x08002170   0x12c  adc.o [1]
  .text              ro code  0x0800229c    0xec  spi.o [1]
  .text              ro code  0x08002388   0x1a4  tim.o [1]
  .text              ro code  0x0800252c   0x194  usart.o [1]
  .text              ro code  0x080026c0    0xe6  stm32f1xx_hal_cortex.o [1]
  .text              ro code  0x080027a8   0x36c  stm32f1xx_hal_tim.o [1]
  .text              ro code  0x08002b14   0x218  bsp_motor.o [1]
  .text              ro code  0x08002d2c   0x114  bsp_wrieless.o [1]
  .text              ro code  0x08002e40    0x5c  bsp_AirSensor.o [1]
  .text              ro code  0x08002e9c    0x80  bsp_GentleSensor.o [1]
  .text              ro code  0x08002f1c   0x124  bsp_DataTransmissionLayer.o [1]
  .text              ro code  0x08003040    0xc8  bsp_Log.o [1]
  .text              ro code  0x08003108    0x44  BSP_DAC5571.o [1]
  .text              ro code  0x0800314c    0x82  bsp_led.o [1]
  .text              ro code  0x080031d0   0x3b4  bsp_ProtocolLayer.o [1]
  .text              ro code  0x08003584    0xe8  stm32f1xx_hal_rcc_ex.o [1]
  .text              ro code  0x0800366c    0x8c  stm32f1xx_hal_msp.o [1]
  .text              ro code  0x080036f8   0x35c  stm32f1xx_hal_adc.o [1]
  .text              ro code  0x08003a54    0x82  stm32f1xx_hal_spi_ex.o [1]
  .text              ro code  0x08003ad8    0x4a  stm32f1xx_hal_tim_ex.o [1]
  .text              ro code  0x08003b24   0x618  stm32f1xx_hal_uart.o [1]
  .text              ro code  0x0800413c     0x2  stm32f1xx_hal_tim.o [1]
  .text              ro code  0x0800413e     0x2  stm32f1xx_hal_tim.o [1]
  .text              ro code  0x08004140     0x2  stm32f1xx_hal_tim_ex.o [1]
  .text              ro code  0x08004142     0x2  stm32f1xx_hal_tim.o [1]
  .text              ro code  0x08004144     0x2  stm32f1xx_hal_tim_ex.o [1]
  .text              ro code  0x08004146     0x2  stm32f1xx_hal_tim.o [1]
  .text              ro code  0x08004148    0x1e  stm32f1xx_hal.o [1]
  .text              ro code  0x08004168    0xa6  ABImemcpy.o [4]
  .text              ro code  0x0800420e     0x2  stm32f1xx_hal_adc.o [1]
  .text              ro code  0x08004210     0x2  stm32f1xx_hal_adc_ex.o [1]
  .text              ro code  0x08004212     0x2  stm32f1xx_hal_adc.o [1]
  .text              ro code  0x08004214     0x2  stm32f1xx_hal_uart.o [1]
  .text              ro code  0x08004216     0x2  stm32f1xx_hal_uart.o [1]
  .text              ro code  0x08004218     0x2  stm32f1xx_hal_uart.o [1]
  .text              ro code  0x0800421a     0x2  stm32f1xx_hal_uart.o [1]
  Initializer bytes  const    0x0800421c   0x130  <for P2-1>
  .text              ro code  0x0800434c    0xe8  stm32f1xx_hal_spi.o [1]
  .text              ro code  0x08004434     0x2  stm32f1xx_hal_spi.o [1]
  .text              ro code  0x08004438    0xa8  stm32f1xx_it.o [1]
  .text              ro code  0x080044e0    0x10  stm32f1xx_hal.o [1]
  .text              ro code  0x080044f0    0x5c  system_stm32f1xx.o [1]
  .text              ro code  0x0800454c    0x40  zero_init3.o [4]
  .text              ro code  0x0800458c    0x2c  copy_init3.o [4]
  .text              ro code  0x080045b8    0x28  data_init.o [4]
  .iar.init_table    const    0x080045e0    0x24  - Linker created -
  .text              ro code  0x08004604    0x1e  cmain.o [4]
  .text              ro code  0x08004622     0x4  low_level_init.o [3]
  .text              ro code  0x08004626     0x4  exit.o [3]
  .text              ro code  0x0800462c     0xa  cexit.o [4]
  .text              ro code  0x08004638    0x14  exit.o [5]
  .text              ro code  0x0800464c    0x10  startup_stm32f103xe.o [1]
  .text              ro code  0x0800465c     0xc  cstartup_M.o [4]
  .rodata            const    0x08004668     0x8  system_stm32f1xx.o [1]
  .text              ro code  0x08004670     0x4  startup_stm32f103xe.o [1]
  .text              ro code  0x08004674     0x4  startup_stm32f103xe.o [1]
  .text              ro code  0x08004678     0x4  startup_stm32f103xe.o [1]
  .text              ro code  0x0800467c     0x4  startup_stm32f103xe.o [1]
  .text              ro code  0x08004680     0x4  startup_stm32f103xe.o [1]
  .text              ro code  0x08004684     0x4  startup_stm32f103xe.o [1]
  .text              ro code  0x08004688     0x4  startup_stm32f103xe.o [1]
  .text              ro code  0x0800468c     0x4  startup_stm32f103xe.o [1]
  .text              ro code  0x08004690     0x4  startup_stm32f103xe.o [1]
  .text              ro code  0x08004694     0x4  startup_stm32f103xe.o [1]
  .text              ro code  0x08004698     0x4  startup_stm32f103xe.o [1]
  .text              ro code  0x0800469c     0x4  startup_stm32f103xe.o [1]
  .text              ro code  0x080046a0     0x4  startup_stm32f103xe.o [1]
  .text              ro code  0x080046a4     0x4  startup_stm32f103xe.o [1]
  .text              ro code  0x080046a8     0x4  startup_stm32f103xe.o [1]
  .text              ro code  0x080046ac     0x4  startup_stm32f103xe.o [1]
  .text              ro code  0x080046b0     0x4  startup_stm32f103xe.o [1]
  .text              ro code  0x080046b4     0x4  startup_stm32f103xe.o [1]
  .text              ro code  0x080046b8     0x4  startup_stm32f103xe.o [1]
  .text              ro code  0x080046bc     0x4  startup_stm32f103xe.o [1]
  .text              ro code  0x080046c0     0x4  startup_stm32f103xe.o [1]
  .text              ro code  0x080046c4     0x4  startup_stm32f103xe.o [1]
  .text              ro code  0x080046c8     0x4  startup_stm32f103xe.o [1]
  .text              ro code  0x080046cc     0x4  startup_stm32f103xe.o [1]
  .text              ro code  0x080046d0     0x4  startup_stm32f103xe.o [1]
  .text              ro code  0x080046d4     0x4  startup_stm32f103xe.o [1]
  .text              ro code  0x080046d8     0x4  startup_stm32f103xe.o [1]
  .text              ro code  0x080046dc     0x4  startup_stm32f103xe.o [1]
  .text              ro code  0x080046e0     0x4  startup_stm32f103xe.o [1]
  .text              ro code  0x080046e4     0x4  startup_stm32f103xe.o [1]
  .text              ro code  0x080046e8     0x4  startup_stm32f103xe.o [1]
  .text              ro code  0x080046ec     0x4  startup_stm32f103xe.o [1]
  .text              ro code  0x080046f0     0x4  startup_stm32f103xe.o [1]
  .text              ro code  0x080046f4     0x4  startup_stm32f103xe.o [1]
  .text              ro code  0x080046f8     0x4  startup_stm32f103xe.o [1]
  .text              ro code  0x080046fc     0x4  startup_stm32f103xe.o [1]
  .text              ro code  0x08004700     0x4  startup_stm32f103xe.o [1]
  .text              ro code  0x08004704     0x4  startup_stm32f103xe.o [1]
  .text              ro code  0x08004708     0x4  startup_stm32f103xe.o [1]
  .text              ro code  0x0800470c     0x4  startup_stm32f103xe.o [1]
  .text              ro code  0x08004710     0x4  startup_stm32f103xe.o [1]
  .text              ro code  0x08004714     0x4  startup_stm32f103xe.o [1]
  .text              ro code  0x08004718     0x4  startup_stm32f103xe.o [1]
  .text              ro code  0x0800471c     0x4  startup_stm32f103xe.o [1]
  .text              ro code  0x08004720     0x4  startup_stm32f103xe.o [1]
  .text              ro code  0x08004724     0x4  startup_stm32f103xe.o [1]
  .text              ro code  0x08004728     0x4  startup_stm32f103xe.o [1]
  .text              ro code  0x0800472c     0x4  startup_stm32f103xe.o [1]
  .rodata            const    0x08004730     0x0  zero_init3.o [4]
  .rodata            const    0x08004730     0x0  copy_init3.o [4]
                            - 0x08004730  0x4600

"P2", part 1 of 3:                         0x130
  P2-1                        0x20000000   0x130  <Init block>
    .data            inited   0x20000000   0x12c  bsp_data.o [1]
    .data            inited   0x2000012c     0x4  system_stm32f1xx.o [1]
                            - 0x20000130   0x130

"P2", part 2 of 3:                         0xa1c
  .bss               zero     0x20000130   0x22c  bsp_ProtocolLayer.o [1]
  .bss               zero     0x2000035c   0x204  bsp_DataTransmissionLayer.o [1]
  .bss               zero     0x20000560   0x204  bsp_DataTransmissionLayer.o [1]
  .bss               zero     0x20000764    0x88  usart.o [1]
  .bss               zero     0x200007ec    0x70  bsp_ProtocolLayer.o [1]
  .bss               zero     0x2000085c    0x58  spi.o [1]
  .bss               zero     0x200008b4    0x54  i2c.o [1]
  .bss               zero     0x20000908    0x44  adc.o [1]
  .bss               zero     0x2000094c    0x40  tim.o [1]
  .bss               zero     0x2000098c    0x40  tim.o [1]
  .bss               zero     0x200009cc    0x40  tim.o [1]
  .bss               zero     0x20000a0c    0x40  usart.o [1]
  .bss               zero     0x20000a4c    0x40  usart.o [1]
  .bss               zero     0x20000a8c    0x30  adc.o [1]
  .bss               zero     0x20000abc    0x2c  main.o [1]
  .bss               zero     0x20000ae8    0x1a  main.o [1]
  .bss               zero     0x20000b02     0x2  BSP_DAC5571.o [1]
  .bss               zero     0x20000b04    0x19  bsp_Log.o [1]
  .bss               zero     0x20000b1d     0x5  bsp_wrieless.o [1]
  .bss               zero     0x20000b24    0x14  bsp_ProtocolLayer.o [1]
  .bss               zero     0x20000b38     0x8  bsp_AirSensor.o [1]
  .bss               zero     0x20000b40     0x8  main.o [1]
  .bss               zero     0x20000b48     0x4  stm32f1xx_hal.o [1]
                            - 0x20000b4c   0xa1c

"P2", part 3 of 3:                         0x400
  CSTACK                      0x20000b50   0x400  <Block>
    CSTACK           uninit   0x20000b50   0x400  <Block tail>
                            - 0x20000f50   0x400


*******************************************************************************
*** INIT TABLE
***

          Address     Size
          -------     ----
Zero (__iar_zero_init3)
    1 destination range, total size 0xa1c:
          0x20000130  0xa1c

Copy (__iar_copy_init3)
    1 source range, total size 0x130:
          0x0800421c  0x130
    1 destination range, total size 0x130:
          0x20000000  0x130



*******************************************************************************
*** MODULE SUMMARY
***

    Module                       ro code  ro data  rw data
    ------                       -------  -------  -------
E:\Users\bertz\Documents\GitHub\BSPv2.1\EWARM\BSPv2.1\Obj: [1]
    BSP_DAC5571.o                     68                 2
    adc.o                            300               116
    bsp_AirSensor.o                   92                 8
    bsp_DataTransmissionLayer.o      292             1 032
    bsp_GentleSensor.o               128
    bsp_Log.o                        200                25
    bsp_ProtocolLayer.o              948               688
    bsp_data.o                                300      300
    bsp_led.o                        130
    bsp_motor.o                      536
    bsp_wrieless.o                   276                 5
    dma.o                             32
    gpio.o                           312
    i2c.o                            188                84
    main.o                         1 010                78
    spi.o                            236                88
    startup_stm32f103xe.o            512
    stm32f1xx_hal.o                  134                 4
    stm32f1xx_hal_adc.o              864
    stm32f1xx_hal_adc_ex.o             2
    stm32f1xx_hal_cortex.o           230
    stm32f1xx_hal_dma.o            1 058
    stm32f1xx_hal_gpio.o             500
    stm32f1xx_hal_i2c.o            3 814
    stm32f1xx_hal_msp.o              140
    stm32f1xx_hal_rcc.o            1 246
    stm32f1xx_hal_rcc_ex.o           232
    stm32f1xx_hal_spi.o              234
    stm32f1xx_hal_spi_ex.o           130
    stm32f1xx_hal_tim.o              884
    stm32f1xx_hal_tim_ex.o            78
    stm32f1xx_hal_uart.o           1 568
    stm32f1xx_it.o                   168
    system_stm32f1xx.o                92       12        4
    tim.o                            420               192
    usart.o                          404               264
    ------------------------------------------------------
    Total:                        17 458      312    2 890

command line: [2]
    ------------------------------------------------------
    Total:

dl7M_tlf.a: [3]
    exit.o                             4
    low_level_init.o                   4
    ------------------------------------------------------
    Total:                             8

rt7M_tl.a: [4]
    ABImemcpy.o                      166
    cexit.o                           10
    cmain.o                           30
    copy_init3.o                      44
    cstartup_M.o                      12
    data_init.o                       40
    zero_init3.o                      64
    ------------------------------------------------------
    Total:                           366

shb_l.a: [5]
    exit.o                            20
    ------------------------------------------------------
    Total:                            20

    Gaps                              24                 2
    Linker created                             36    1 024
----------------------------------------------------------
    Grand Total:                  17 876      348    3 916


*******************************************************************************
*** ENTRY LIST
***

Entry                      Address   Size  Type      Object
-----                      -------   ----  ----      ------
.iar.init_table$$Base   0x080045e0          --   Gb  - Linker created -
.iar.init_table$$Limit  0x08004604          --   Gb  - Linker created -
?main                   0x08004605         Code  Gb  cmain.o [4]
ADC1_2_IRQHandler       0x08004469    0x6  Code  Gb  stm32f1xx_it.o [1]
ADC_ConversionStop_Disable
                        0x08003a11   0x44  Code  Gb  stm32f1xx_hal_adc.o [1]
AHBPrescTable           0x0800453c   0x10  Data  Gb  system_stm32f1xx.o [1]
APBPrescTable           0x08004668    0x8  Data  Gb  system_stm32f1xx.o [1]
BSP_AirSensorChecked    0x08002e49   0x4a  Code  Gb  bsp_AirSensor.o [1]
BSP_AirSensorInit       0x08002e41    0x8  Code  Gb  bsp_AirSensor.o [1]
BSP_DAC5571_Init        0x08003109   0x18  Code  Gb  BSP_DAC5571.o [1]
BSP_DAC5571_WriteValue  0x08003121   0x1a  Code  Gb  BSP_DAC5571.o [1]
BSP_DriverBoardProtocolInit
                        0x08002f8f   0x14  Code  Gb  bsp_DataTransmissionLayer.o [1]
BSP_DriverBoardUsartReceive_IDLE
                        0x08002f1d   0x20  Code  Gb  bsp_DataTransmissionLayer.o [1]
BSP_GentleSensorCheck   0x08002ea5   0x62  Code  Gb  bsp_GentleSensor.o [1]
BSP_GentleSensorInit    0x08002e9d    0x8  Code  Gb  bsp_GentleSensor.o [1]
BSP_HandingDriverBoardRequest
                        0x080033ab  0x140  Code  Gb  bsp_ProtocolLayer.o [1]
BSP_HandingUartData     0x080031eb  0x1a0  Code  Lc  bsp_ProtocolLayer.o [1]
BSP_HandingUartDataFromDriverBoard
                        0x0800339d    0xe  Code  Gb  bsp_ProtocolLayer.o [1]
BSP_LEDCheck            0x0800314d   0x66  Code  Gb  bsp_led.o [1]
BSP_LeftDoorBoardUsartReceive_IDLE
                        0x08002f3d   0x20  Code  Gb  bsp_DataTransmissionLayer.o [1]
BSP_Log_CheckReportInfo
                        0x08003099   0x6a  Code  Gb  bsp_Log.o [1]
BSP_Log_Init            0x08003041   0x18  Code  Gb  bsp_Log.o [1]
BSP_Log_UpAirSensorStatus
                        0x0800307b   0x12  Code  Gb  bsp_Log.o [1]
BSP_Log_UpGentleStatus  0x08003069   0x12  Code  Gb  bsp_Log.o [1]
BSP_Log_UpOpenMode      0x08003059   0x10  Code  Gb  bsp_Log.o [1]
BSP_Log_WriteFlag       0x08003097    0x2  Code  Gb  bsp_Log.o [1]
BSP_MotorActionA        0x08002ca3   0x3c  Code  Gb  bsp_motor.o [1]
BSP_MotorCheckA         0x08002be9   0xba  Code  Gb  bsp_motor.o [1]
BSP_MotorInit           0x08002b15   0x42  Code  Gb  bsp_motor.o [1]
BSP_MotorRun            0x08002b75   0x38  Code  Gb  bsp_motor.o [1]
BSP_MotorStop           0x08002bcb   0x14  Code  Gb  bsp_motor.o [1]
BSP_SendAckData         0x080034eb   0x82  Code  Gb  bsp_ProtocolLayer.o [1]
BSP_SendByteToDriverBoard
                        0x08002fbd   0x36  Code  Gb  bsp_DataTransmissionLayer.o [1]
BSP_SendDataToDriverBoard
                        0x08002ff3   0x36  Code  Gb  bsp_DataTransmissionLayer.o [1]
BSP_WirelessAction      0x08002dbf   0x6e  Code  Gb  bsp_wrieless.o [1]
BSP_WirelessCheck       0x08002d35   0x8a  Code  Gb  bsp_wrieless.o [1]
BSP_WirelessInit        0x08002d2d    0x8  Code  Gb  bsp_wrieless.o [1]
BusFault_Handler        0x0800443f    0x2  Code  Gb  stm32f1xx_it.o [1]
CSTACK$$Base            0x20000b50          --   Gb  - Linker created -
CSTACK$$Limit           0x20000f50          --   Gb  - Linker created -
DMA1_Channel1_IRQHandler
                        0x08004457    0x6  Code  Gb  stm32f1xx_it.o [1]
DMA1_Channel5_IRQHandler
                        0x0800445d    0x6  Code  Gb  stm32f1xx_it.o [1]
DMA1_Channel6_IRQHandler
                        0x08004463    0x6  Code  Gb  stm32f1xx_it.o [1]
DMA_SetConfig           0x080019bd   0x22  Code  Lc  stm32f1xx_hal_dma.o [1]
DataChangedFlag         0x20000b1c    0x1  Data  Lc  bsp_Log.o [1]
DebugMon_Handler        0x08004445    0x2  Code  Gb  stm32f1xx_it.o [1]
DoorBoardInfo           0x20000b04   0x18  Data  Lc  bsp_Log.o [1]
DriverBoardAckedData    0x20000144   0x18  Data  Gb  bsp_ProtocolLayer.o [1]
DriverBoardRevDataStruct
                        0x20000130   0x10  Data  Gb  bsp_ProtocolLayer.o [1]
DriverBoardUsartType    0x2000035c  0x204  Data  Gb  bsp_DataTransmissionLayer.o [1]
DriverRevDataBuf        0x2000015c  0x200  Data  Lc  bsp_ProtocolLayer.o [1]
HAL_ADCEx_InjectedConvCpltCallback
                        0x08004211    0x2  Code  Wk  stm32f1xx_hal_adc_ex.o [1]
HAL_ADC_ConfigChannel   0x080038f9   0xe4  Code  Gb  stm32f1xx_hal_adc.o [1]
HAL_ADC_IRQHandler      0x08003809   0xd8  Code  Gb  stm32f1xx_hal_adc.o [1]
HAL_ADC_Init            0x080036f9  0x110  Code  Gb  stm32f1xx_hal_adc.o [1]
HAL_ADC_MspInit         0x080021e1   0x6e  Code  Gb  adc.o [1]
HAL_DMA_Abort           0x080016b7   0x32  Code  Gb  stm32f1xx_hal_dma.o [1]
HAL_DMA_Abort_IT        0x080016e9   0xdc  Code  Gb  stm32f1xx_hal_dma.o [1]
HAL_DMA_IRQHandler      0x080017c5  0x1b4  Code  Gb  stm32f1xx_hal_dma.o [1]
HAL_DMA_Init            0x080015bd   0x78  Code  Gb  stm32f1xx_hal_dma.o [1]
HAL_DMA_Start_IT        0x08001643   0x74  Code  Gb  stm32f1xx_hal_dma.o [1]
HAL_Delay               0x08004149   0x1e  Code  Wk  stm32f1xx_hal.o [1]
HAL_GPIO_Init           0x08001dd9  0x196  Code  Gb  stm32f1xx_hal_gpio.o [1]
HAL_GPIO_ReadPin        0x08001f6f    0xc  Code  Gb  stm32f1xx_hal_gpio.o [1]
HAL_GPIO_TogglePin      0x08001f87    0x8  Code  Gb  stm32f1xx_hal_gpio.o [1]
HAL_GPIO_WritePin       0x08001f7b    0xc  Code  Gb  stm32f1xx_hal_gpio.o [1]
HAL_GetTick             0x080015a1    0xc  Code  Wk  stm32f1xx_hal.o [1]
HAL_I2C_ER_IRQHandler   0x080005e1   0xc0  Code  Gb  stm32f1xx_hal_i2c.o [1]
HAL_I2C_EV_IRQHandler   0x080003af  0x20e  Code  Gb  stm32f1xx_hal_i2c.o [1]
HAL_I2C_Init            0x08000131   0xc8  Code  Gb  stm32f1xx_hal_i2c.o [1]
HAL_I2C_Master_Transmit
                        0x08000209   0xa2  Code  Gb  stm32f1xx_hal_i2c.o [1]
HAL_I2C_MspInit         0x0800103d   0x3a  Code  Gb  i2c.o [1]
HAL_IncTick             0x080044e1   0x10  Code  Wk  stm32f1xx_hal.o [1]
HAL_Init                0x08001ff5   0x20  Code  Gb  stm32f1xx_hal.o [1]
HAL_InitTick            0x08001fcd   0x28  Code  Wk  stm32f1xx_hal.o [1]
HAL_MspInit             0x0800366d   0x8c  Code  Gb  stm32f1xx_hal_msp.o [1]
HAL_NVIC_EnableIRQ      0x08002733    0xa  Code  Gb  stm32f1xx_hal_cortex.o [1]
HAL_NVIC_SetPriority    0x080026f9   0x3a  Code  Gb  stm32f1xx_hal_cortex.o [1]
HAL_NVIC_SetPriorityGrouping
                        0x080026df   0x1a  Code  Gb  stm32f1xx_hal_cortex.o [1]
HAL_RCCEx_PeriphCLKConfig
                        0x08003585   0xda  Code  Gb  stm32f1xx_hal_rcc_ex.o [1]
HAL_RCC_ClockConfig     0x080013dd  0x10c  Code  Gb  stm32f1xx_hal_rcc.o [1]
HAL_RCC_GetHCLKFreq     0x08001535    0x6  Code  Gb  stm32f1xx_hal_rcc.o [1]
HAL_RCC_GetPCLK1Freq    0x0800153b   0x10  Code  Gb  stm32f1xx_hal_rcc.o [1]
HAL_RCC_GetPCLK2Freq    0x0800154b    0xe  Code  Gb  stm32f1xx_hal_rcc.o [1]
HAL_RCC_GetSysClockFreq
                        0x080014fd   0x38  Code  Gb  stm32f1xx_hal_rcc.o [1]
HAL_RCC_GetSysClockFreq::aPLLMULFactorTable
                        0x0800158c   0x10  Data  Lc  stm32f1xx_hal_rcc.o [1]
HAL_RCC_GetSysClockFreq::aPredivFactorTable
                        0x0800159c    0x2  Data  Lc  stm32f1xx_hal_rcc.o [1]
HAL_RCC_OscConfig       0x080010c1  0x314  Code  Gb  stm32f1xx_hal_rcc.o [1]
HAL_SPI_IRQHandler      0x0800434d   0xdc  Code  Gb  stm32f1xx_hal_spi.o [1]
HAL_SPI_Init            0x08003a55   0x82  Code  Gb  stm32f1xx_hal_spi_ex.o [1]
HAL_SPI_MspInit         0x080022e5   0x5e  Code  Gb  spi.o [1]
HAL_SYSTICK_CLKSourceConfig
                        0x0800276f   0x1a  Code  Gb  stm32f1xx_hal_cortex.o [1]
HAL_SYSTICK_Config      0x08002747   0x28  Code  Gb  stm32f1xx_hal_cortex.o [1]
HAL_SYSTICK_IRQHandler  0x080027a1    0x4  Code  Gb  stm32f1xx_hal_cortex.o [1]
HAL_TIMEx_BreakCallback
                        0x08004141    0x2  Code  Wk  stm32f1xx_hal_tim_ex.o [1]
HAL_TIMEx_CommutationCallback
                        0x08004145    0x2  Code  Wk  stm32f1xx_hal_tim_ex.o [1]
HAL_TIMEx_MasterConfigSynchronization
                        0x08003ad9   0x4a  Code  Gb  stm32f1xx_hal_tim_ex.o [1]
HAL_TIM_Base_Init       0x080027a9   0x1a  Code  Gb  stm32f1xx_hal_tim.o [1]
HAL_TIM_Base_MspInit    0x08002479   0x64  Code  Gb  tim.o [1]
HAL_TIM_Base_Start_IT   0x080027c3   0x16  Code  Gb  stm32f1xx_hal_tim.o [1]
HAL_TIM_ConfigClockSource
                        0x08002945   0xac  Code  Gb  stm32f1xx_hal_tim.o [1]
HAL_TIM_IRQHandler      0x080027fd  0x142  Code  Gb  stm32f1xx_hal_tim.o [1]
HAL_TIM_PeriodElapsedCallback
                        0x08001c73   0x7c  Code  Gb  main.o [1]
HAL_UART_DMAStop        0x08003ce1   0x48  Code  Gb  stm32f1xx_hal_uart.o [1]
HAL_UART_IRQHandler     0x08003d41  0x152  Code  Gb  stm32f1xx_hal_uart.o [1]
HAL_UART_Init           0x08003b25   0x1e  Code  Gb  stm32f1xx_hal_uart.o [1]
HAL_UART_MspInit        0x08002581   0xc8  Code  Gb  usart.o [1]
HAL_UART_Receive_DMA    0x08003c4f   0x92  Code  Gb  stm32f1xx_hal_uart.o [1]
HAL_UART_Transmit       0x08003b9d   0xaa  Code  Gb  stm32f1xx_hal_uart.o [1]
HardFault_Handler       0x0800443b    0x2  Code  Gb  stm32f1xx_it.o [1]
I2C2_ER_IRQHandler      0x0800447b    0x6  Code  Gb  stm32f1xx_it.o [1]
I2C2_EV_IRQHandler      0x08004475    0x6  Code  Gb  stm32f1xx_it.o [1]
I2C_DMAAbort            0x08000e0d   0x50  Code  Lc  stm32f1xx_hal_i2c.o [1]
I2C_ITError             0x08000c29   0xde  Code  Lc  stm32f1xx_hal_i2c.o [1]
I2C_IsAcknowledgeFailed
                        0x08000fdb   0x28  Code  Lc  stm32f1xx_hal_i2c.o [1]
I2C_MasterReceive_BTF   0x080008b7   0x90  Code  Lc  stm32f1xx_hal_i2c.o [1]
I2C_MasterReceive_RXNE  0x08000803   0x9c  Code  Lc  stm32f1xx_hal_i2c.o [1]
I2C_MasterRequestWrite  0x08000d35   0x7a  Code  Lc  stm32f1xx_hal_i2c.o [1]
I2C_MasterTransmit_BTF  0x08000769   0x48  Code  Lc  stm32f1xx_hal_i2c.o [1]
I2C_MasterTransmit_TXE  0x080006a1   0xc8  Code  Lc  stm32f1xx_hal_i2c.o [1]
I2C_Master_ADDR         0x0800096d  0x12c  Code  Lc  stm32f1xx_hal_i2c.o [1]
I2C_Slave_AF            0x08000bb1   0x78  Code  Lc  stm32f1xx_hal_i2c.o [1]
I2C_Slave_STOPF         0x08000ad5   0xd6  Code  Lc  stm32f1xx_hal_i2c.o [1]
I2C_WaitOnBTFFlagUntilTimeout
                        0x08000f7f   0x34  Code  Lc  stm32f1xx_hal_i2c.o [1]
I2C_WaitOnFlagUntilTimeout
                        0x08000e5d   0x6c  Code  Lc  stm32f1xx_hal_i2c.o [1]
I2C_WaitOnMasterAddressFlagUntilTimeout
                        0x08000ec9   0x82  Code  Lc  stm32f1xx_hal_i2c.o [1]
I2C_WaitOnTXEFlagUntilTimeout
                        0x08000f4b   0x34  Code  Lc  stm32f1xx_hal_i2c.o [1]
LeftDoorBoardUsartType  0x20000560  0x204  Data  Gb  bsp_DataTransmissionLayer.o [1]
MX_ADC1_Init            0x08002171   0x70  Code  Gb  adc.o [1]
MX_DMA_Init             0x08002151   0x20  Code  Gb  dma.o [1]
MX_GPIO_Init            0x08002019   0xfe  Code  Gb  gpio.o [1]
MX_I2C2_Init            0x08001005   0x38  Code  Gb  i2c.o [1]
MX_SPI1_Init            0x0800229d   0x48  Code  Gb  spi.o [1]
MX_TIM4_Init            0x08002389   0x40  Code  Gb  tim.o [1]
MX_TIM5_Init            0x080023c9   0x42  Code  Gb  tim.o [1]
MX_TIM6_Init            0x0800243d   0x3c  Code  Gb  tim.o [1]
MX_USART1_UART_Init     0x0800252d   0x16  Code  Gb  usart.o [1]
MX_USART2_UART_Init     0x08002543   0x16  Code  Gb  usart.o [1]
MemManage_Handler       0x0800443d    0x2  Code  Gb  stm32f1xx_it.o [1]
NMI_Handler             0x08004439    0x2  Code  Gb  stm32f1xx_it.o [1]
NVIC_SetPriority        0x080026c1   0x1e  Code  Lc  stm32f1xx_hal_cortex.o [1]
PendSV_Handler          0x08004447    0x2  Code  Gb  stm32f1xx_it.o [1]
RasterStateCheck        0x08001cef   0xc4  Code  Lc  main.o [1]
Region$$Table$$Base     0x080045e0          --   Gb  - Linker created -
Region$$Table$$Limit    0x08004604          --   Gb  - Linker created -
SPI1_IRQHandler         0x08004481    0x6  Code  Gb  stm32f1xx_it.o [1]
SPI_DMAAbortOnError     0x08004429    0xc  Code  Lc  stm32f1xx_hal_spi.o [1]
SVC_Handler             0x08004443    0x2  Code  Gb  stm32f1xx_it.o [1]
SendOpenFlag            0x20000140    0x4  Data  Gb  bsp_ProtocolLayer.o [1]
SysTick_Handler         0x08004449    0xe  Code  Gb  stm32f1xx_it.o [1]
SystemClock_Config      0x08001bed   0x86  Code  Gb  main.o [1]
SystemCoreClock         0x2000012c    0x4  Data  Gb  system_stm32f1xx.o [1]
SystemInit              0x080044f1   0x3a  Code  Gb  system_stm32f1xx.o [1]
TIM4_IRQHandler         0x0800446f    0x6  Code  Gb  stm32f1xx_it.o [1]
TIM5_IRQHandler         0x080044a7    0x6  Code  Gb  stm32f1xx_it.o [1]
TIM6_IRQHandler         0x080044ad    0x6  Code  Gb  stm32f1xx_it.o [1]
TIM_Base_SetConfig      0x08002a1b   0x74  Code  Gb  stm32f1xx_hal_tim.o [1]
TIM_ETR_SetConfig       0x08002afb   0x14  Code  Lc  stm32f1xx_hal_tim.o [1]
TIM_ITRx_SetConfig      0x08002aeb   0x10  Code  Lc  stm32f1xx_hal_tim.o [1]
TIM_TI1_ConfigInputStage
                        0x08002aa9   0x1e  Code  Lc  stm32f1xx_hal_tim.o [1]
TIM_TI2_ConfigInputStage
                        0x08002ac7   0x24  Code  Lc  stm32f1xx_hal_tim.o [1]
Table                   0x20000b24   0x14  Data  Gb  bsp_ProtocolLayer.o [1]
Tim4Flag                0x20000acf    0x1  Data  Gb  main.o [1]
Tim5EnterTimeoutCnt     0x20000ae4    0x4  Data  Gb  main.o [1]
Tim5EnterTimeoutSum     0x20000ae0    0x4  Data  Gb  main.o [1]
Tim5Flag                0x20000ad0    0x1  Data  Gb  main.o [1]
Tim5LedCnt              0x20000ad8    0x2  Data  Gb  main.o [1]
Tim5LedFlag             0x20000ad1    0x1  Data  Gb  main.o [1]
Tim5LogCnt              0x20000adc    0x4  Data  Gb  main.o [1]
Tim5LogFlag             0x20000ad2    0x1  Data  Gb  main.o [1]
Tim6OpenSpeedCnt        0x20000ad3    0x1  Data  Gb  main.o [1]
Tim6OpenSpeedFlag       0x20000ad4    0x1  Data  Gb  main.o [1]
UART_DMAAbortOnError    0x08003fb1    0xc  Code  Lc  stm32f1xx_hal_uart.o [1]
UART_DMAError           0x08003ed5   0x4a  Code  Lc  stm32f1xx_hal_uart.o [1]
UART_DMAReceiveCplt     0x08003e95   0x38  Code  Lc  stm32f1xx_hal_uart.o [1]
UART_DMARxHalfCplt      0x08003ecd    0x6  Code  Lc  stm32f1xx_hal_uart.o [1]
UART_EndRxTransfer      0x08003f95   0x1c  Code  Lc  stm32f1xx_hal_uart.o [1]
UART_EndTxTransfer      0x08003f83   0x12  Code  Lc  stm32f1xx_hal_uart.o [1]
UART_Receive_IT         0x08003fbd   0x96  Code  Lc  stm32f1xx_hal_uart.o [1]
UART_SetConfig          0x08004053   0xde  Code  Lc  stm32f1xx_hal_uart.o [1]
UART_WaitOnFlagUntilTimeout
                        0x08003f1f   0x56  Code  Lc  stm32f1xx_hal_uart.o [1]
USART1_IRQHandler       0x08004487    0xc  Code  Gb  stm32f1xx_it.o [1]
USART2_IRQHandler       0x08004493    0xa  Code  Gb  stm32f1xx_it.o [1]
UsageFault_Handler      0x08004441    0x2  Code  Gb  stm32f1xx_it.o [1]
_Error_Handler          0x08001dd5    0x2  Code  Gb  main.o [1]
__aeabi_memcpy          0x08004169         Code  Gb  ABImemcpy.o [4]
__aeabi_memcpy4         0x08004189         Code  Gb  ABImemcpy.o [4]
__aeabi_memcpy8         0x08004189         Code  Gb  ABImemcpy.o [4]
__cmain                 0x08004605         Code  Gb  cmain.o [4]
__exit                  0x08004639   0x14  Code  Gb  exit.o [5]
__iar_copy_init3        0x0800458d   0x2c  Code  Gb  copy_init3.o [4]
__iar_data_init3        0x080045b9   0x28  Code  Gb  data_init.o [4]
__iar_program_start     0x0800465d         Code  Gb  cstartup_M.o [4]
__iar_systems$$module {Abs}
                        0x00000001         Data  Gb  command line/config [2]
__iar_zero_init3        0x0800454d   0x40  Code  Gb  zero_init3.o [4]
__low_level_init        0x08004623    0x4  Code  Gb  low_level_init.o [3]
__vector_table          0x08000000         Data  Gb  startup_stm32f103xe.o [1]
_call_main              0x08004611         Code  Gb  cmain.o [4]
_exit                   0x0800462d         Code  Gb  cexit.o [4]
_main                   0x0800461f         Code  Gb  cmain.o [4]
exit                    0x08004627    0x4  Code  Gb  exit.o [3]
gAirSensor              0x20000b38    0x8  Data  Gb  bsp_AirSensor.o [1]
gCarEnteredFlag         0x20000ace    0x1  Data  Gb  main.o [1]
gCloseFlag              0x20000ad6    0x1  Data  Gb  main.o [1]
gEnterTimeoutFlag       0x20000acd    0x1  Data  Gb  main.o [1]
gGentleSensorGpio       0x20000b40    0x8  Data  Gb  main.o [1]
gHorGpio                0x20000abc    0x8  Data  Gb  main.o [1]
gMotorMachine           0x20000ae8   0x18  Data  Gb  main.o [1]
gOpenBControlBuf        0x20000000  0x12c  Data  Gb  bsp_data.o [1]
gOpenSpeedFlag          0x20000ad5    0x1  Data  Gb  main.o [1]
gRevOpenFlag            0x20000acc    0x1  Data  Gb  main.o [1]
gSpeed                  0x20000ada    0x2  Data  Gb  main.o [1]
gVerGpio                0x20000ac4    0x8  Data  Gb  main.o [1]
gWrielessActionFlag     0x20000b00    0x1  Data  Gb  main.o [1]
gWrielessModeFlag       0x20000b01    0x1  Data  Gb  main.o [1]
getXORCode              0x080031d1   0x1a  Code  Lc  bsp_ProtocolLayer.o [1]
hadc1                   0x20000a8c   0x30  Data  Gb  adc.o [1]
hdma_adc1               0x20000908   0x44  Data  Gb  adc.o [1]
hdma_usart1_rx          0x20000764   0x44  Data  Gb  usart.o [1]
hdma_usart2_rx          0x200007a8   0x44  Data  Gb  usart.o [1]
hi2c2                   0x200008b4   0x54  Data  Gb  i2c.o [1]
hspi1                   0x2000085c   0x58  Data  Gb  spi.o [1]
htim4                   0x2000094c   0x40  Data  Gb  tim.o [1]
htim5                   0x2000098c   0x40  Data  Gb  tim.o [1]
htim6                   0x200009cc   0x40  Data  Gb  tim.o [1]
huart1                  0x20000a0c   0x40  Data  Gb  usart.o [1]
huart2                  0x20000a4c   0x40  Data  Gb  usart.o [1]
main                    0x080019e5  0x208  Code  Gb  main.o [1]
sNeedToAckStruct        0x200007ec   0x70  Data  Gb  bsp_ProtocolLayer.o [1]
uwTick                  0x20000b48    0x4  Data  Gb  stm32f1xx_hal.o [1]
wrielessFilterCnt       0x20000b1e    0x1  Data  Lc  bsp_wrieless.o [1]
wrielessFilterSum       0x20000b1f    0x1  Data  Lc  bsp_wrieless.o [1]
wrielessGpioRelease     0x20000b21    0x1  Data  Lc  bsp_wrieless.o [1]
wrielessGpioState       0x20000b20    0x1  Data  Lc  bsp_wrieless.o [1]
wrielessLastReadValue   0x20000b1d    0x1  Data  Lc  bsp_wrieless.o [1]
writebuffer             0x20000b02    0x2  Data  Lc  BSP_DAC5571.o [1]


[1] = E:\Users\bertz\Documents\GitHub\BSPv2.1\EWARM\BSPv2.1\Obj
[2] = command line
[3] = dl7M_tlf.a
[4] = rt7M_tl.a
[5] = shb_l.a

  17 876 bytes of readonly  code memory
     348 bytes of readonly  data memory
   3 916 bytes of readwrite data memory

Errors: none
Warnings: none
