###############################################################################
#
# IAR ELF Linker V8.22.1.15669/W32 for ARM                22/Mar/2018  18:45:44
# Copyright 2007-2018 IAR Systems AB.
#
#    Output file  =  
#        E:\Users\bertz\Documents\GitHub\BSPv2.1\EWARM\BSPv2.1\Exe\BSPv2.1.out
#    Map file     =  
#        E:\Users\bertz\Documents\GitHub\BSPv2.1\EWARM\BSPv2.1\List\BSPv2.1.map
#    Command line =  
#        -f C:\Users\bertz\AppData\Local\Temp\EWA064.tmp
#        (E:\Users\bertz\Documents\GitHub\BSPv2.1\EWARM\BSPv2.1\Obj\adc.o
#        E:\Users\bertz\Documents\GitHub\BSPv2.1\EWARM\BSPv2.1\Obj\bsp_AirSensor.o
#        E:\Users\bertz\Documents\GitHub\BSPv2.1\EWARM\BSPv2.1\Obj\BSP_DAC5571.o
#        E:\Users\bertz\Documents\GitHub\BSPv2.1\EWARM\BSPv2.1\Obj\bsp_DataTransmissionLayer.o
#        E:\Users\bertz\Documents\GitHub\BSPv2.1\EWARM\BSPv2.1\Obj\bsp_GentleSensor.o
#        E:\Users\bertz\Documents\GitHub\BSPv2.1\EWARM\BSPv2.1\Obj\bsp_motor.o
#        E:\Users\bertz\Documents\GitHub\BSPv2.1\EWARM\BSPv2.1\Obj\bsp_ProtocolLayer.o
#        E:\Users\bertz\Documents\GitHub\BSPv2.1\EWARM\BSPv2.1\Obj\dma.o
#        E:\Users\bertz\Documents\GitHub\BSPv2.1\EWARM\BSPv2.1\Obj\gpio.o
#        E:\Users\bertz\Documents\GitHub\BSPv2.1\EWARM\BSPv2.1\Obj\i2c.o
#        E:\Users\bertz\Documents\GitHub\BSPv2.1\EWARM\BSPv2.1\Obj\main.o
#        E:\Users\bertz\Documents\GitHub\BSPv2.1\EWARM\BSPv2.1\Obj\spi.o
#        E:\Users\bertz\Documents\GitHub\BSPv2.1\EWARM\BSPv2.1\Obj\startup_stm32f103xe.o
#        E:\Users\bertz\Documents\GitHub\BSPv2.1\EWARM\BSPv2.1\Obj\stm32f1xx_hal.o
#        E:\Users\bertz\Documents\GitHub\BSPv2.1\EWARM\BSPv2.1\Obj\stm32f1xx_hal_adc.o
#        E:\Users\bertz\Documents\GitHub\BSPv2.1\EWARM\BSPv2.1\Obj\stm32f1xx_hal_adc_ex.o
#        E:\Users\bertz\Documents\GitHub\BSPv2.1\EWARM\BSPv2.1\Obj\stm32f1xx_hal_cortex.o
#        E:\Users\bertz\Documents\GitHub\BSPv2.1\EWARM\BSPv2.1\Obj\stm32f1xx_hal_dma.o
#        E:\Users\bertz\Documents\GitHub\BSPv2.1\EWARM\BSPv2.1\Obj\stm32f1xx_hal_flash.o
#        E:\Users\bertz\Documents\GitHub\BSPv2.1\EWARM\BSPv2.1\Obj\stm32f1xx_hal_flash_ex.o
#        E:\Users\bertz\Documents\GitHub\BSPv2.1\EWARM\BSPv2.1\Obj\stm32f1xx_hal_gpio.o
#        E:\Users\bertz\Documents\GitHub\BSPv2.1\EWARM\BSPv2.1\Obj\stm32f1xx_hal_gpio_ex.o
#        E:\Users\bertz\Documents\GitHub\BSPv2.1\EWARM\BSPv2.1\Obj\stm32f1xx_hal_i2c.o
#        E:\Users\bertz\Documents\GitHub\BSPv2.1\EWARM\BSPv2.1\Obj\stm32f1xx_hal_msp.o
#        E:\Users\bertz\Documents\GitHub\BSPv2.1\EWARM\BSPv2.1\Obj\stm32f1xx_hal_pwr.o
#        E:\Users\bertz\Documents\GitHub\BSPv2.1\EWARM\BSPv2.1\Obj\stm32f1xx_hal_rcc.o
#        E:\Users\bertz\Documents\GitHub\BSPv2.1\EWARM\BSPv2.1\Obj\stm32f1xx_hal_rcc_ex.o
#        E:\Users\bertz\Documents\GitHub\BSPv2.1\EWARM\BSPv2.1\Obj\stm32f1xx_hal_spi.o
#        E:\Users\bertz\Documents\GitHub\BSPv2.1\EWARM\BSPv2.1\Obj\stm32f1xx_hal_spi_ex.o
#        E:\Users\bertz\Documents\GitHub\BSPv2.1\EWARM\BSPv2.1\Obj\stm32f1xx_hal_tim.o
#        E:\Users\bertz\Documents\GitHub\BSPv2.1\EWARM\BSPv2.1\Obj\stm32f1xx_hal_tim_ex.o
#        E:\Users\bertz\Documents\GitHub\BSPv2.1\EWARM\BSPv2.1\Obj\stm32f1xx_hal_uart.o
#        E:\Users\bertz\Documents\GitHub\BSPv2.1\EWARM\BSPv2.1\Obj\stm32f1xx_it.o
#        E:\Users\bertz\Documents\GitHub\BSPv2.1\EWARM\BSPv2.1\Obj\system_stm32f1xx.o
#        E:\Users\bertz\Documents\GitHub\BSPv2.1\EWARM\BSPv2.1\Obj\tim.o
#        E:\Users\bertz\Documents\GitHub\BSPv2.1\EWARM\BSPv2.1\Obj\usart.o
#        --redirect _Printf=_PrintfFull --redirect _Scanf=_ScanfFull -o
#        E:\Users\bertz\Documents\GitHub\BSPv2.1\EWARM\BSPv2.1\Exe\BSPv2.1.out
#        --map
#        E:\Users\bertz\Documents\GitHub\BSPv2.1\EWARM\BSPv2.1\List\BSPv2.1.map
#        --config
#        E:\Users\bertz\Documents\GitHub\BSPv2.1\EWARM/stm32f103xe_flash.icf
#        --semihosting --entry __iar_program_start --vfe --text_out locale)
#
###############################################################################

*******************************************************************************
*** RUNTIME MODEL ATTRIBUTES
***

CppFlavor       = *
__SystemLibrary = DLib
__dlib_version  = 6


*******************************************************************************
*** HEAP SELECTION
***

The basic heap was selected because no calls to memory allocation
functions were found in the application outside of system library
functions, and there are calls to deallocation functions in the
application.


*******************************************************************************
*** PLACEMENT SUMMARY
***

"A0":  place at 0x08000000 { ro section .intvec };
"P1":  place in [from 0x08000000 to 0x0807ffff] { ro };
define block CSTACK with size = 1K, alignment = 8 { };
define block HEAP with size = 512, alignment = 8 { };
"P2":  place in [from 0x20000000 to 0x2000ffff] {
          rw, block CSTACK, block HEAP };
initialize by copy { rw };

  Section            Kind        Address    Size  Object
  -------            ----        -------    ----  ------
"A0":                                      0x130
  .intvec            ro code  0x08000000   0x130  startup_stm32f103xe.o [1]
                            - 0x08000130   0x130

"P1":                                     0x357c
  .text              ro code  0x08000130   0xae8  stm32f1xx_hal_i2c.o [1]
  .text              ro code  0x08000c18    0xbc  i2c.o [1]
  .text              ro code  0x08000cd4   0x4de  stm32f1xx_hal_rcc.o [1]
  .text              ro code  0x080011b2     0x2  stm32f1xx_hal_i2c.o [1]
  .text              ro code  0x080011b4     0x2  stm32f1xx_hal_i2c.o [1]
  .text              ro code  0x080011b6     0x2  stm32f1xx_hal_i2c.o [1]
  .text              ro code  0x080011b8     0x2  stm32f1xx_hal_i2c.o [1]
  .text              ro code  0x080011ba     0x2  stm32f1xx_hal_i2c.o [1]
  .text              ro code  0x080011bc     0x2  stm32f1xx_hal_i2c.o [1]
  .text              ro code  0x080011be     0x2  stm32f1xx_hal_i2c.o [1]
  .text              ro code  0x080011c0     0x2  stm32f1xx_hal_i2c.o [1]
  .text              ro code  0x080011c4   0x422  stm32f1xx_hal_dma.o [1]
  .text              ro code  0x080015e6     0x2  stm32f1xx_hal_i2c.o [1]
  .text              ro code  0x080015e8     0x2  stm32f1xx_hal_i2c.o [1]
  .text              ro code  0x080015ec   0x2c2  main.o [1]
  .text              ro code  0x080018b0   0x1ec  stm32f1xx_hal_gpio.o [1]
  .text              ro code  0x08001a9c     0xc  stm32f1xx_hal.o [1]
  .text              ro code  0x08001aa8    0x28  stm32f1xx_hal.o [1]
  .text              ro code  0x08001ad0    0x24  stm32f1xx_hal.o [1]
  .text              ro code  0x08001af4   0x138  gpio.o [1]
  .text              ro code  0x08001c2c    0x20  dma.o [1]
  .text              ro code  0x08001c4c   0x12c  adc.o [1]
  .text              ro code  0x08001d78    0xec  spi.o [1]
  .text              ro code  0x08001e64   0x1a4  tim.o [1]
  .text              ro code  0x08002008   0x194  usart.o [1]
  .text              ro code  0x0800219c    0xe6  stm32f1xx_hal_cortex.o [1]
  .text              ro code  0x08002284   0x36c  stm32f1xx_hal_tim.o [1]
  .text              ro code  0x080025f0    0x88  bsp_motor.o [1]
  .text              ro code  0x08002678    0x50  bsp_AirSensor.o [1]
  .text              ro code  0x080026c8    0x6c  bsp_GentleSensor.o [1]
  .text              ro code  0x08002734    0xb8  bsp_DataTransmissionLayer.o [1]
  .text              ro code  0x080027ec    0xe8  stm32f1xx_hal_rcc_ex.o [1]
  .text              ro code  0x080028d4    0x8c  stm32f1xx_hal_msp.o [1]
  .text              ro code  0x08002960   0x35c  stm32f1xx_hal_adc.o [1]
  .text              ro code  0x08002cbc    0x82  stm32f1xx_hal_spi_ex.o [1]
  .text              ro code  0x08002d40    0x4a  stm32f1xx_hal_tim_ex.o [1]
  .text              ro code  0x08002d8c   0x500  stm32f1xx_hal_uart.o [1]
  .text              ro code  0x0800328c     0x2  stm32f1xx_hal_tim.o [1]
  .text              ro code  0x0800328e     0x2  stm32f1xx_hal_tim.o [1]
  .text              ro code  0x08003290     0x2  stm32f1xx_hal_tim_ex.o [1]
  .text              ro code  0x08003292     0x2  stm32f1xx_hal_tim.o [1]
  .text              ro code  0x08003294     0x2  stm32f1xx_hal_tim_ex.o [1]
  .text              ro code  0x08003296     0x2  stm32f1xx_hal_tim.o [1]
  .text              ro code  0x08003298    0x1e  stm32f1xx_hal.o [1]
  .text              ro code  0x080032b6     0x2  stm32f1xx_hal_adc.o [1]
  .text              ro code  0x080032b8     0x2  stm32f1xx_hal_adc_ex.o [1]
  .text              ro code  0x080032ba     0x2  stm32f1xx_hal_adc.o [1]
  .text              ro code  0x080032bc     0x2  stm32f1xx_hal_uart.o [1]
  .text              ro code  0x080032be     0x2  stm32f1xx_hal_uart.o [1]
  .text              ro code  0x080032c0     0x2  stm32f1xx_hal_uart.o [1]
  .text              ro code  0x080032c2     0x2  stm32f1xx_hal_uart.o [1]
  .text              ro code  0x080032c4    0xe8  stm32f1xx_hal_spi.o [1]
  .text              ro code  0x080033ac     0x2  stm32f1xx_hal_spi.o [1]
  .text              ro code  0x080033b0    0xa8  stm32f1xx_it.o [1]
  .text              ro code  0x08003458    0x10  stm32f1xx_hal.o [1]
  .text              ro code  0x08003468    0x5c  system_stm32f1xx.o [1]
  .text              ro code  0x080034c4    0x40  zero_init3.o [4]
  .text              ro code  0x08003504    0x2c  copy_init3.o [4]
  .text              ro code  0x08003530    0x28  data_init.o [4]
  .iar.init_table    const    0x08003558    0x24  - Linker created -
  .text              ro code  0x0800357c    0x1e  cmain.o [4]
  .text              ro code  0x0800359a     0x4  low_level_init.o [3]
  .text              ro code  0x0800359e     0x4  exit.o [3]
  .text              ro code  0x080035a4     0xa  cexit.o [4]
  .text              ro code  0x080035b0    0x14  exit.o [5]
  .text              ro code  0x080035c4    0x10  startup_stm32f103xe.o [1]
  .text              ro code  0x080035d4     0xc  cstartup_M.o [4]
  .rodata            const    0x080035e0     0x8  system_stm32f1xx.o [1]
  .text              ro code  0x080035e8     0x4  startup_stm32f103xe.o [1]
  .text              ro code  0x080035ec     0x4  startup_stm32f103xe.o [1]
  .text              ro code  0x080035f0     0x4  startup_stm32f103xe.o [1]
  .text              ro code  0x080035f4     0x4  startup_stm32f103xe.o [1]
  .text              ro code  0x080035f8     0x4  startup_stm32f103xe.o [1]
  .text              ro code  0x080035fc     0x4  startup_stm32f103xe.o [1]
  .text              ro code  0x08003600     0x4  startup_stm32f103xe.o [1]
  .text              ro code  0x08003604     0x4  startup_stm32f103xe.o [1]
  .text              ro code  0x08003608     0x4  startup_stm32f103xe.o [1]
  .text              ro code  0x0800360c     0x4  startup_stm32f103xe.o [1]
  .text              ro code  0x08003610     0x4  startup_stm32f103xe.o [1]
  .text              ro code  0x08003614     0x4  startup_stm32f103xe.o [1]
  .text              ro code  0x08003618     0x4  startup_stm32f103xe.o [1]
  .text              ro code  0x0800361c     0x4  startup_stm32f103xe.o [1]
  .text              ro code  0x08003620     0x4  startup_stm32f103xe.o [1]
  .text              ro code  0x08003624     0x4  startup_stm32f103xe.o [1]
  .text              ro code  0x08003628     0x4  startup_stm32f103xe.o [1]
  .text              ro code  0x0800362c     0x4  startup_stm32f103xe.o [1]
  .text              ro code  0x08003630     0x4  startup_stm32f103xe.o [1]
  .text              ro code  0x08003634     0x4  startup_stm32f103xe.o [1]
  .text              ro code  0x08003638     0x4  startup_stm32f103xe.o [1]
  .text              ro code  0x0800363c     0x4  startup_stm32f103xe.o [1]
  .text              ro code  0x08003640     0x4  startup_stm32f103xe.o [1]
  .text              ro code  0x08003644     0x4  startup_stm32f103xe.o [1]
  .text              ro code  0x08003648     0x4  startup_stm32f103xe.o [1]
  .text              ro code  0x0800364c     0x4  startup_stm32f103xe.o [1]
  .text              ro code  0x08003650     0x4  startup_stm32f103xe.o [1]
  .text              ro code  0x08003654     0x4  startup_stm32f103xe.o [1]
  .text              ro code  0x08003658     0x4  startup_stm32f103xe.o [1]
  .text              ro code  0x0800365c     0x4  startup_stm32f103xe.o [1]
  .text              ro code  0x08003660     0x4  startup_stm32f103xe.o [1]
  .text              ro code  0x08003664     0x4  startup_stm32f103xe.o [1]
  .text              ro code  0x08003668     0x4  startup_stm32f103xe.o [1]
  .text              ro code  0x0800366c     0x4  startup_stm32f103xe.o [1]
  .text              ro code  0x08003670     0x4  startup_stm32f103xe.o [1]
  .text              ro code  0x08003674     0x4  startup_stm32f103xe.o [1]
  .text              ro code  0x08003678     0x4  startup_stm32f103xe.o [1]
  .text              ro code  0x0800367c     0x4  startup_stm32f103xe.o [1]
  .text              ro code  0x08003680     0x4  startup_stm32f103xe.o [1]
  .text              ro code  0x08003684     0x4  startup_stm32f103xe.o [1]
  .text              ro code  0x08003688     0x4  startup_stm32f103xe.o [1]
  .text              ro code  0x0800368c     0x4  startup_stm32f103xe.o [1]
  .text              ro code  0x08003690     0x4  startup_stm32f103xe.o [1]
  .text              ro code  0x08003694     0x4  startup_stm32f103xe.o [1]
  .text              ro code  0x08003698     0x4  startup_stm32f103xe.o [1]
  .text              ro code  0x0800369c     0x4  startup_stm32f103xe.o [1]
  .text              ro code  0x080036a0     0x4  startup_stm32f103xe.o [1]
  .text              ro code  0x080036a4     0x4  startup_stm32f103xe.o [1]
  Initializer bytes  const    0x080036a8     0x4  <for P2-1>
  .rodata            const    0x080036ac     0x0  zero_init3.o [4]
  .rodata            const    0x080036ac     0x0  copy_init3.o [4]
                            - 0x080036ac  0x357c

"P2", part 1 of 3:                           0x4
  P2-1                        0x20000000     0x4  <Init block>
    .data            inited   0x20000000     0x4  system_stm32f1xx.o [1]
                            - 0x20000004     0x4

"P2", part 2 of 3:                         0x73c
  .bss               zero     0x20000004   0x204  bsp_DataTransmissionLayer.o [1]
  .bss               zero     0x20000208   0x204  bsp_DataTransmissionLayer.o [1]
  .bss               zero     0x2000040c    0x88  usart.o [1]
  .bss               zero     0x20000494    0x58  spi.o [1]
  .bss               zero     0x200004ec    0x54  i2c.o [1]
  .bss               zero     0x20000540    0x44  adc.o [1]
  .bss               zero     0x20000584    0x40  tim.o [1]
  .bss               zero     0x200005c4    0x40  tim.o [1]
  .bss               zero     0x20000604    0x40  tim.o [1]
  .bss               zero     0x20000644    0x40  usart.o [1]
  .bss               zero     0x20000684    0x40  usart.o [1]
  .bss               zero     0x200006c4    0x30  adc.o [1]
  .bss               zero     0x200006f4    0x20  main.o [1]
  .bss               zero     0x20000714    0x18  main.o [1]
  .bss               zero     0x2000072c     0x8  bsp_AirSensor.o [1]
  .bss               zero     0x20000734     0x8  main.o [1]
  .bss               zero     0x2000073c     0x4  stm32f1xx_hal.o [1]
                            - 0x20000740   0x73c

"P2", part 3 of 3:                         0x400
  CSTACK                      0x20000740   0x400  <Block>
    CSTACK           uninit   0x20000740   0x400  <Block tail>
                            - 0x20000b40   0x400


*******************************************************************************
*** INIT TABLE
***

          Address     Size
          -------     ----
Zero (__iar_zero_init3)
    1 destination range, total size 0x73c:
          0x20000004  0x73c

Copy (__iar_copy_init3)
    1 source range, total size 0x4:
          0x080036a8    0x4
    1 destination range, total size 0x4:
          0x20000000    0x4



*******************************************************************************
*** MODULE SUMMARY
***

    Module                       ro code  ro data  rw data
    ------                       -------  -------  -------
E:\Users\bertz\Documents\GitHub\BSPv2.1\EWARM\BSPv2.1\Obj: [1]
    adc.o                            300               116
    bsp_AirSensor.o                   80                 8
    bsp_DataTransmissionLayer.o      184             1 032
    bsp_GentleSensor.o               108
    bsp_motor.o                      136
    dma.o                             32
    gpio.o                           312
    i2c.o                            188                84
    main.o                           706                64
    spi.o                            236                88
    startup_stm32f103xe.o            512
    stm32f1xx_hal.o                  134                 4
    stm32f1xx_hal_adc.o              864
    stm32f1xx_hal_adc_ex.o             2
    stm32f1xx_hal_cortex.o           230
    stm32f1xx_hal_dma.o            1 058
    stm32f1xx_hal_gpio.o             492
    stm32f1xx_hal_i2c.o            2 812
    stm32f1xx_hal_msp.o              140
    stm32f1xx_hal_rcc.o            1 246
    stm32f1xx_hal_rcc_ex.o           232
    stm32f1xx_hal_spi.o              234
    stm32f1xx_hal_spi_ex.o           130
    stm32f1xx_hal_tim.o              884
    stm32f1xx_hal_tim_ex.o            78
    stm32f1xx_hal_uart.o           1 288
    stm32f1xx_it.o                   168
    system_stm32f1xx.o                92       12        4
    tim.o                            420               192
    usart.o                          404               264
    ------------------------------------------------------
    Total:                        13 702       12    1 856

command line: [2]
    ------------------------------------------------------
    Total:

dl7M_tlf.a: [3]
    exit.o                             4
    low_level_init.o                   4
    ------------------------------------------------------
    Total:                             8

rt7M_tl.a: [4]
    cexit.o                           10
    cmain.o                           30
    copy_init3.o                      44
    cstartup_M.o                      12
    data_init.o                       40
    zero_init3.o                      64
    ------------------------------------------------------
    Total:                           200

shb_l.a: [5]
    exit.o                            20
    ------------------------------------------------------
    Total:                            20

    Gaps                              18
    Linker created                             36    1 024
----------------------------------------------------------
    Grand Total:                  13 948       48    2 880


*******************************************************************************
*** ENTRY LIST
***

Entry                      Address   Size  Type      Object
-----                      -------   ----  ----      ------
.iar.init_table$$Base   0x08003558          --   Gb  - Linker created -
.iar.init_table$$Limit  0x0800357c          --   Gb  - Linker created -
?main                   0x0800357d         Code  Gb  cmain.o [4]
ADC1_2_IRQHandler       0x080033e1    0x6  Code  Gb  stm32f1xx_it.o [1]
ADC_ConversionStop_Disable
                        0x08002c79   0x44  Code  Gb  stm32f1xx_hal_adc.o [1]
AHBPrescTable           0x080034b4   0x10  Data  Gb  system_stm32f1xx.o [1]
APBPrescTable           0x080035e0    0x8  Data  Gb  system_stm32f1xx.o [1]
BSP_AirSensorChecked    0x08002681   0x3e  Code  Gb  bsp_AirSensor.o [1]
BSP_AirSensorInit       0x08002679    0x8  Code  Gb  bsp_AirSensor.o [1]
BSP_DriverBoardProtocolInit
                        0x080027a7   0x14  Code  Gb  bsp_DataTransmissionLayer.o [1]
BSP_DriverBoardUsartReceive_IDLE
                        0x08002735   0x20  Code  Gb  bsp_DataTransmissionLayer.o [1]
BSP_GentleSensorCheck   0x080026d1   0x52  Code  Gb  bsp_GentleSensor.o [1]
BSP_GentleSensorInit    0x080026c9    0x8  Code  Gb  bsp_GentleSensor.o [1]
BSP_LeftDoorBoardUsartReceive_IDLE
                        0x08002755   0x20  Code  Gb  bsp_DataTransmissionLayer.o [1]
BSP_MotorInit           0x080025f1   0x3e  Code  Gb  bsp_motor.o [1]
BSP_MotorStop           0x0800264d   0x14  Code  Gb  bsp_motor.o [1]
BusFault_Handler        0x080033b7    0x2  Code  Gb  stm32f1xx_it.o [1]
CSTACK$$Base            0x20000740          --   Gb  - Linker created -
CSTACK$$Limit           0x20000b40          --   Gb  - Linker created -
DMA1_Channel1_IRQHandler
                        0x080033cf    0x6  Code  Gb  stm32f1xx_it.o [1]
DMA1_Channel5_IRQHandler
                        0x080033d5    0x6  Code  Gb  stm32f1xx_it.o [1]
DMA1_Channel6_IRQHandler
                        0x080033db    0x6  Code  Gb  stm32f1xx_it.o [1]
DMA_SetConfig           0x080015c5   0x22  Code  Lc  stm32f1xx_hal_dma.o [1]
DebugMon_Handler        0x080033bd    0x2  Code  Gb  stm32f1xx_it.o [1]
DriverBoardUsartType    0x20000004  0x204  Data  Gb  bsp_DataTransmissionLayer.o [1]
HAL_ADCEx_InjectedConvCpltCallback
                        0x080032b9    0x2  Code  Wk  stm32f1xx_hal_adc_ex.o [1]
HAL_ADC_ConfigChannel   0x08002b61   0xe4  Code  Gb  stm32f1xx_hal_adc.o [1]
HAL_ADC_IRQHandler      0x08002a71   0xd8  Code  Gb  stm32f1xx_hal_adc.o [1]
HAL_ADC_Init            0x08002961  0x110  Code  Gb  stm32f1xx_hal_adc.o [1]
HAL_ADC_MspInit         0x08001cbd   0x6e  Code  Gb  adc.o [1]
HAL_DMA_Abort           0x080012bf   0x32  Code  Gb  stm32f1xx_hal_dma.o [1]
HAL_DMA_Abort_IT        0x080012f1   0xdc  Code  Gb  stm32f1xx_hal_dma.o [1]
HAL_DMA_IRQHandler      0x080013cd  0x1b4  Code  Gb  stm32f1xx_hal_dma.o [1]
HAL_DMA_Init            0x080011c5   0x78  Code  Gb  stm32f1xx_hal_dma.o [1]
HAL_DMA_Start_IT        0x0800124b   0x74  Code  Gb  stm32f1xx_hal_dma.o [1]
HAL_Delay               0x08003299   0x1e  Code  Wk  stm32f1xx_hal.o [1]
HAL_GPIO_Init           0x080018b1  0x196  Code  Gb  stm32f1xx_hal_gpio.o [1]
HAL_GPIO_ReadPin        0x08001a47    0xc  Code  Gb  stm32f1xx_hal_gpio.o [1]
HAL_GPIO_WritePin       0x08001a53    0xc  Code  Gb  stm32f1xx_hal_gpio.o [1]
HAL_GetTick             0x08001a9d    0xc  Code  Wk  stm32f1xx_hal.o [1]
HAL_I2C_ER_IRQHandler   0x0800044b   0xc0  Code  Gb  stm32f1xx_hal_i2c.o [1]
HAL_I2C_EV_IRQHandler   0x08000219  0x20e  Code  Gb  stm32f1xx_hal_i2c.o [1]
HAL_I2C_Init            0x08000131   0xc8  Code  Gb  stm32f1xx_hal_i2c.o [1]
HAL_I2C_MspInit         0x08000c51   0x3a  Code  Gb  i2c.o [1]
HAL_IncTick             0x08003459   0x10  Code  Wk  stm32f1xx_hal.o [1]
HAL_Init                0x08001ad1   0x20  Code  Gb  stm32f1xx_hal.o [1]
HAL_InitTick            0x08001aa9   0x28  Code  Wk  stm32f1xx_hal.o [1]
HAL_MspInit             0x080028d5   0x8c  Code  Gb  stm32f1xx_hal_msp.o [1]
HAL_NVIC_EnableIRQ      0x0800220f    0xa  Code  Gb  stm32f1xx_hal_cortex.o [1]
HAL_NVIC_SetPriority    0x080021d5   0x3a  Code  Gb  stm32f1xx_hal_cortex.o [1]
HAL_NVIC_SetPriorityGrouping
                        0x080021bb   0x1a  Code  Gb  stm32f1xx_hal_cortex.o [1]
HAL_RCCEx_PeriphCLKConfig
                        0x080027ed   0xda  Code  Gb  stm32f1xx_hal_rcc_ex.o [1]
HAL_RCC_ClockConfig     0x08000ff1  0x10c  Code  Gb  stm32f1xx_hal_rcc.o [1]
HAL_RCC_GetHCLKFreq     0x08001149    0x6  Code  Gb  stm32f1xx_hal_rcc.o [1]
HAL_RCC_GetPCLK1Freq    0x0800114f   0x10  Code  Gb  stm32f1xx_hal_rcc.o [1]
HAL_RCC_GetPCLK2Freq    0x0800115f    0xe  Code  Gb  stm32f1xx_hal_rcc.o [1]
HAL_RCC_GetSysClockFreq
                        0x08001111   0x38  Code  Gb  stm32f1xx_hal_rcc.o [1]
HAL_RCC_GetSysClockFreq::aPLLMULFactorTable
                        0x080011a0   0x10  Data  Lc  stm32f1xx_hal_rcc.o [1]
HAL_RCC_GetSysClockFreq::aPredivFactorTable
                        0x080011b0    0x2  Data  Lc  stm32f1xx_hal_rcc.o [1]
HAL_RCC_OscConfig       0x08000cd5  0x314  Code  Gb  stm32f1xx_hal_rcc.o [1]
HAL_SPI_IRQHandler      0x080032c5   0xdc  Code  Gb  stm32f1xx_hal_spi.o [1]
HAL_SPI_Init            0x08002cbd   0x82  Code  Gb  stm32f1xx_hal_spi_ex.o [1]
HAL_SPI_MspInit         0x08001dc1   0x5e  Code  Gb  spi.o [1]
HAL_SYSTICK_CLKSourceConfig
                        0x0800224b   0x1a  Code  Gb  stm32f1xx_hal_cortex.o [1]
HAL_SYSTICK_Config      0x08002223   0x28  Code  Gb  stm32f1xx_hal_cortex.o [1]
HAL_SYSTICK_IRQHandler  0x0800227d    0x4  Code  Gb  stm32f1xx_hal_cortex.o [1]
HAL_TIMEx_BreakCallback
                        0x08003291    0x2  Code  Wk  stm32f1xx_hal_tim_ex.o [1]
HAL_TIMEx_CommutationCallback
                        0x08003295    0x2  Code  Wk  stm32f1xx_hal_tim_ex.o [1]
HAL_TIMEx_MasterConfigSynchronization
                        0x08002d41   0x4a  Code  Gb  stm32f1xx_hal_tim_ex.o [1]
HAL_TIM_Base_Init       0x08002285   0x1a  Code  Gb  stm32f1xx_hal_tim.o [1]
HAL_TIM_Base_MspInit    0x08001f55   0x64  Code  Gb  tim.o [1]
HAL_TIM_Base_Start_IT   0x0800229f   0x16  Code  Gb  stm32f1xx_hal_tim.o [1]
HAL_TIM_ConfigClockSource
                        0x08002421   0xac  Code  Gb  stm32f1xx_hal_tim.o [1]
HAL_TIM_IRQHandler      0x080022d9  0x142  Code  Gb  stm32f1xx_hal_tim.o [1]
HAL_TIM_PeriodElapsedCallback
                        0x080017ad   0x3c  Code  Gb  main.o [1]
HAL_UART_DMAStop        0x08002e97   0x48  Code  Gb  stm32f1xx_hal_uart.o [1]
HAL_UART_IRQHandler     0x08002ef7  0x152  Code  Gb  stm32f1xx_hal_uart.o [1]
HAL_UART_Init           0x08002d8d   0x1e  Code  Gb  stm32f1xx_hal_uart.o [1]
HAL_UART_MspInit        0x0800205d   0xc8  Code  Gb  usart.o [1]
HAL_UART_Receive_DMA    0x08002e05   0x92  Code  Gb  stm32f1xx_hal_uart.o [1]
HardFault_Handler       0x080033b3    0x2  Code  Gb  stm32f1xx_it.o [1]
I2C2_ER_IRQHandler      0x080033f3    0x6  Code  Gb  stm32f1xx_it.o [1]
I2C2_EV_IRQHandler      0x080033ed    0x6  Code  Gb  stm32f1xx_it.o [1]
I2C_DMAAbort            0x08000bc9   0x50  Code  Lc  stm32f1xx_hal_i2c.o [1]
I2C_ITError             0x08000a91   0xde  Code  Lc  stm32f1xx_hal_i2c.o [1]
I2C_MasterReceive_BTF   0x0800071d   0x90  Code  Lc  stm32f1xx_hal_i2c.o [1]
I2C_MasterReceive_RXNE  0x08000669   0x9c  Code  Lc  stm32f1xx_hal_i2c.o [1]
I2C_MasterTransmit_BTF  0x080005d3   0x48  Code  Lc  stm32f1xx_hal_i2c.o [1]
I2C_MasterTransmit_TXE  0x0800050b   0xc8  Code  Lc  stm32f1xx_hal_i2c.o [1]
I2C_Master_ADDR         0x080007d5  0x12c  Code  Lc  stm32f1xx_hal_i2c.o [1]
I2C_Slave_AF            0x08000a19   0x78  Code  Lc  stm32f1xx_hal_i2c.o [1]
I2C_Slave_STOPF         0x0800093d   0xd6  Code  Lc  stm32f1xx_hal_i2c.o [1]
LeftDoorBoardUsartType  0x20000208  0x204  Data  Gb  bsp_DataTransmissionLayer.o [1]
MX_ADC1_Init            0x08001c4d   0x70  Code  Gb  adc.o [1]
MX_DMA_Init             0x08001c2d   0x20  Code  Gb  dma.o [1]
MX_GPIO_Init            0x08001af5   0xfe  Code  Gb  gpio.o [1]
MX_I2C2_Init            0x08000c19   0x38  Code  Gb  i2c.o [1]
MX_SPI1_Init            0x08001d79   0x48  Code  Gb  spi.o [1]
MX_TIM4_Init            0x08001e65   0x40  Code  Gb  tim.o [1]
MX_TIM5_Init            0x08001ea5   0x42  Code  Gb  tim.o [1]
MX_TIM6_Init            0x08001f19   0x3c  Code  Gb  tim.o [1]
MX_USART1_UART_Init     0x08002009   0x16  Code  Gb  usart.o [1]
MX_USART2_UART_Init     0x0800201f   0x16  Code  Gb  usart.o [1]
MemManage_Handler       0x080033b5    0x2  Code  Gb  stm32f1xx_it.o [1]
NMI_Handler             0x080033b1    0x2  Code  Gb  stm32f1xx_it.o [1]
NVIC_SetPriority        0x0800219d   0x1e  Code  Lc  stm32f1xx_hal_cortex.o [1]
PendSV_Handler          0x080033bf    0x2  Code  Gb  stm32f1xx_it.o [1]
RasterStateCheck        0x080017e9   0xaa  Code  Lc  main.o [1]
Region$$Table$$Base     0x08003558          --   Gb  - Linker created -
Region$$Table$$Limit    0x0800357c          --   Gb  - Linker created -
SPI1_IRQHandler         0x080033f9    0x6  Code  Gb  stm32f1xx_it.o [1]
SPI_DMAAbortOnError     0x080033a1    0xc  Code  Lc  stm32f1xx_hal_spi.o [1]
SVC_Handler             0x080033bb    0x2  Code  Gb  stm32f1xx_it.o [1]
SysTick_Handler         0x080033c1    0xe  Code  Gb  stm32f1xx_it.o [1]
SystemClock_Config      0x08001727   0x86  Code  Gb  main.o [1]
SystemCoreClock         0x20000000    0x4  Data  Gb  system_stm32f1xx.o [1]
SystemInit              0x08003469   0x3a  Code  Gb  system_stm32f1xx.o [1]
TIM4_IRQHandler         0x080033e7    0x6  Code  Gb  stm32f1xx_it.o [1]
TIM5_IRQHandler         0x0800341f    0x6  Code  Gb  stm32f1xx_it.o [1]
TIM6_IRQHandler         0x08003425    0x6  Code  Gb  stm32f1xx_it.o [1]
TIM_Base_SetConfig      0x080024f7   0x74  Code  Gb  stm32f1xx_hal_tim.o [1]
TIM_ETR_SetConfig       0x080025d7   0x14  Code  Lc  stm32f1xx_hal_tim.o [1]
TIM_ITRx_SetConfig      0x080025c7   0x10  Code  Lc  stm32f1xx_hal_tim.o [1]
TIM_TI1_ConfigInputStage
                        0x08002585   0x1e  Code  Lc  stm32f1xx_hal_tim.o [1]
TIM_TI2_ConfigInputStage
                        0x080025a3   0x24  Code  Lc  stm32f1xx_hal_tim.o [1]
Tim4Flag                0x20000707    0x1  Data  Gb  main.o [1]
Tim5EnterTimeoutCnt     0x20000710    0x4  Data  Gb  main.o [1]
Tim5EnterTimeoutSum     0x2000070c    0x4  Data  Gb  main.o [1]
Tim5Flag                0x20000708    0x1  Data  Gb  main.o [1]
UART_DMAAbortOnError    0x08003101    0xc  Code  Lc  stm32f1xx_hal_uart.o [1]
UART_DMAError           0x08003089   0x4a  Code  Lc  stm32f1xx_hal_uart.o [1]
UART_DMAReceiveCplt     0x08003049   0x38  Code  Lc  stm32f1xx_hal_uart.o [1]
UART_DMARxHalfCplt      0x08003081    0x6  Code  Lc  stm32f1xx_hal_uart.o [1]
UART_EndRxTransfer      0x080030e5   0x1c  Code  Lc  stm32f1xx_hal_uart.o [1]
UART_EndTxTransfer      0x080030d3   0x12  Code  Lc  stm32f1xx_hal_uart.o [1]
UART_Receive_IT         0x0800310d   0x96  Code  Lc  stm32f1xx_hal_uart.o [1]
UART_SetConfig          0x080031a3   0xde  Code  Lc  stm32f1xx_hal_uart.o [1]
USART1_IRQHandler       0x080033ff    0xc  Code  Gb  stm32f1xx_it.o [1]
USART2_IRQHandler       0x0800340b    0xa  Code  Gb  stm32f1xx_it.o [1]
UsageFault_Handler      0x080033b9    0x2  Code  Gb  stm32f1xx_it.o [1]
_Error_Handler          0x080018ad    0x2  Code  Gb  main.o [1]
__cmain                 0x0800357d         Code  Gb  cmain.o [4]
__exit                  0x080035b1   0x14  Code  Gb  exit.o [5]
__iar_copy_init3        0x08003505   0x2c  Code  Gb  copy_init3.o [4]
__iar_data_init3        0x08003531   0x28  Code  Gb  data_init.o [4]
__iar_program_start     0x080035d5         Code  Gb  cstartup_M.o [4]
__iar_systems$$module {Abs}
                        0x00000001         Data  Gb  command line/config [2]
__iar_zero_init3        0x080034c5   0x40  Code  Gb  zero_init3.o [4]
__low_level_init        0x0800359b    0x4  Code  Gb  low_level_init.o [3]
__vector_table          0x08000000         Data  Gb  startup_stm32f103xe.o [1]
_call_main              0x08003589         Code  Gb  cmain.o [4]
_exit                   0x080035a5         Code  Gb  cexit.o [4]
_main                   0x08003597         Code  Gb  cmain.o [4]
exit                    0x0800359f    0x4  Code  Gb  exit.o [3]
gAirSensor              0x2000072c    0x8  Data  Gb  bsp_AirSensor.o [1]
gCarEnteredFlag         0x20000706    0x1  Data  Gb  main.o [1]
gEnterTimeoutFlag       0x20000705    0x1  Data  Gb  main.o [1]
gGentleSensorGpio       0x20000734    0x8  Data  Gb  main.o [1]
gHorGpio                0x200006f4    0x8  Data  Gb  main.o [1]
gMotorMachine           0x20000714   0x18  Data  Gb  main.o [1]
gRevOpenFlag            0x20000704    0x1  Data  Gb  main.o [1]
gVerGpio                0x200006fc    0x8  Data  Gb  main.o [1]
hadc1                   0x200006c4   0x30  Data  Gb  adc.o [1]
hdma_adc1               0x20000540   0x44  Data  Gb  adc.o [1]
hdma_usart1_rx          0x2000040c   0x44  Data  Gb  usart.o [1]
hdma_usart2_rx          0x20000450   0x44  Data  Gb  usart.o [1]
hi2c2                   0x200004ec   0x54  Data  Gb  i2c.o [1]
hspi1                   0x20000494   0x58  Data  Gb  spi.o [1]
htim4                   0x20000584   0x40  Data  Gb  tim.o [1]
htim5                   0x200005c4   0x40  Data  Gb  tim.o [1]
htim6                   0x20000604   0x40  Data  Gb  tim.o [1]
huart1                  0x20000644   0x40  Data  Gb  usart.o [1]
huart2                  0x20000684   0x40  Data  Gb  usart.o [1]
main                    0x080015ed  0x13a  Code  Gb  main.o [1]
uwTick                  0x2000073c    0x4  Data  Gb  stm32f1xx_hal.o [1]


[1] = E:\Users\bertz\Documents\GitHub\BSPv2.1\EWARM\BSPv2.1\Obj
[2] = command line
[3] = dl7M_tlf.a
[4] = rt7M_tl.a
[5] = shb_l.a

  13 948 bytes of readonly  code memory
      48 bytes of readonly  data memory
   2 880 bytes of readwrite data memory

Errors: none
Warnings: none
